stm32f2xx_hal_eth.c:210:19:HAL_ETH_Init	40	static
stm32f2xx_hal_eth.c:491:19:HAL_ETH_DeInit	16	static
stm32f2xx_hal_eth.c:527:19:HAL_ETH_DMATxDescListInit	32	static
stm32f2xx_hal_eth.c:594:19:HAL_ETH_DMARxDescListInit	32	static
stm32f2xx_hal_eth.c:661:13:HAL_ETH_MspInit	16	static
stm32f2xx_hal_eth.c:676:13:HAL_ETH_MspDeInit	16	static
stm32f2xx_hal_eth.c:886:19:HAL_ETH_TransmitFrame	32	static
stm32f2xx_hal_eth.c:999:19:HAL_ETH_GetReceivedFrame	24	static
stm32f2xx_hal_eth.c:1079:19:HAL_ETH_GetReceivedFrame_IT	24	static
stm32f2xx_hal_eth.c:1164:6:HAL_ETH_IRQHandler	16	static
stm32f2xx_hal_eth.c:1238:13:HAL_ETH_TxCpltCallback	16	static
stm32f2xx_hal_eth.c:1253:13:HAL_ETH_RxCpltCallback	16	static
stm32f2xx_hal_eth.c:1268:13:HAL_ETH_ErrorCallback	16	static
stm32f2xx_hal_eth.c:1289:19:HAL_ETH_ReadPHYRegister	32	static
stm32f2xx_hal_eth.c:1361:19:HAL_ETH_WritePHYRegister	32	static
stm32f2xx_hal_eth.c:1453:19:HAL_ETH_Start	16	static
stm32f2xx_hal_eth.c:1492:19:HAL_ETH_Stop	16	static
stm32f2xx_hal_eth.c:1532:19:HAL_ETH_ConfigMAC	24	static
stm32f2xx_hal_eth.c:1699:19:HAL_ETH_ConfigDMA	24	static
stm32f2xx_hal_eth.c:1806:22:HAL_ETH_GetState	16	static
stm32f2xx_hal_eth.c:1831:13:ETH_MACDMAConfig	200	static
stm32f2xx_hal_eth.c:2094:13:ETH_MACAddressConfig	32	static
stm32f2xx_hal_eth.c:2121:13:ETH_MACTransmissionEnable	24	static
stm32f2xx_hal_eth.c:2141:13:ETH_MACTransmissionDisable	24	static
stm32f2xx_hal_eth.c:2161:13:ETH_MACReceptionEnable	24	static
stm32f2xx_hal_eth.c:2181:13:ETH_MACReceptionDisable	24	static
stm32f2xx_hal_eth.c:2201:13:ETH_DMATransmissionEnable	16	static
stm32f2xx_hal_eth.c:2213:13:ETH_DMATransmissionDisable	16	static
stm32f2xx_hal_eth.c:2225:13:ETH_DMAReceptionEnable	16	static
stm32f2xx_hal_eth.c:2237:13:ETH_DMAReceptionDisable	16	static
stm32f2xx_hal_eth.c:2249:13:ETH_FlushTransmitFIFO	24	static
stm32f2xx_hal_eth.c:2268:13:ETH_Delay	24	static,ignoring_inline_asm
