stm32f2xx_hal_pwr.c:92:6:HAL_PWR_DeInit	4	static
stm32f2xx_hal_pwr.c:105:6:HAL_PWR_EnableBkUpAccess	16	static,ignoring_inline_asm
stm32f2xx_hal_pwr.c:117:6:HAL_PWR_DisableBkUpAccess	16	static,ignoring_inline_asm
stm32f2xx_hal_pwr.c:250:6:HAL_PWR_ConfigPVD	16	static
stm32f2xx_hal_pwr.c:293:6:HAL_PWR_EnablePVD	16	static,ignoring_inline_asm
stm32f2xx_hal_pwr.c:302:6:HAL_PWR_DisablePVD	16	static,ignoring_inline_asm
stm32f2xx_hal_pwr.c:314:6:HAL_PWR_EnableWakeUpPin	16	static
stm32f2xx_hal_pwr.c:330:6:HAL_PWR_DisableWakeUpPin	16	static
stm32f2xx_hal_pwr.c:359:6:HAL_PWR_EnterSLEEPMode	16	static,ignoring_inline_asm
stm32f2xx_hal_pwr.c:405:6:HAL_PWR_EnterSTOPMode	16	static,ignoring_inline_asm
stm32f2xx_hal_pwr.c:444:6:HAL_PWR_EnterSTANDBYMode	4	static,ignoring_inline_asm
stm32f2xx_hal_pwr.c:465:6:HAL_PWR_PVD_IRQHandler	8	static
stm32f2xx_hal_pwr.c:482:13:HAL_PWR_PVDCallback	4	static
stm32f2xx_hal_pwr.c:497:6:HAL_PWR_EnableSleepOnExit	4	static
stm32f2xx_hal_pwr.c:509:6:HAL_PWR_DisableSleepOnExit	4	static
stm32f2xx_hal_pwr.c:521:6:HAL_PWR_EnableSEVOnPend	4	static
stm32f2xx_hal_pwr.c:533:6:HAL_PWR_DisableSEVOnPend	4	static
