stm32f2xx_hal_rcc.c:221:19:HAL_RCC_DeInit	16	static
stm32f2xx_hal_rcc.c:343:19:HAL_RCC_OscConfig	48	static,ignoring_inline_asm
stm32f2xx_hal_rcc.c:709:19:HAL_RCC_ClockConfig	32	static,ignoring_inline_asm
stm32f2xx_hal_rcc.c:890:6:HAL_RCC_MCOConfig	56	static
stm32f2xx_hal_rcc.c:944:6:HAL_RCC_EnableCSS	4	static
stm32f2xx_hal_rcc.c:953:6:HAL_RCC_DisableCSS	4	static
stm32f2xx_hal_rcc.c:988:10:HAL_RCC_GetSysClockFreq	32	static
stm32f2xx_hal_rcc.c:1044:10:HAL_RCC_GetHCLKFreq	4	static
stm32f2xx_hal_rcc.c:1055:10:HAL_RCC_GetPCLK1Freq	16	static,ignoring_inline_asm
stm32f2xx_hal_rcc.c:1067:10:HAL_RCC_GetPCLK2Freq	16	static,ignoring_inline_asm
stm32f2xx_hal_rcc.c:1080:6:HAL_RCC_GetOscConfig	48	static,ignoring_inline_asm
stm32f2xx_hal_rcc.c:1159:6:HAL_RCC_GetClockConfig	16	static
stm32f2xx_hal_rcc.c:1185:6:HAL_RCC_NMI_IRQHandler	8	static
stm32f2xx_hal_rcc.c:1202:13:HAL_RCC_CSSCallback	4	static
