../Middlewares/Third_Party/LwIP/src/core/memp.c:407:1:do_memp_free_pool	16	static
../Middlewares/Third_Party/LwIP/src/core/memp.c:292:1:do_memp_malloc_pool.isra	8	static
../Middlewares/Third_Party/LwIP/src/core/memp.c:230:1:memp_init_pool	12	static
../Middlewares/Third_Party/LwIP/src/core/memp.c:271:1:memp_init	16	static
../Middlewares/Third_Party/LwIP/src/core/memp.c:359:1:memp_malloc_pool	8	static
../Middlewares/Third_Party/LwIP/src/core/memp.c:385:1:memp_malloc	8	static
../Middlewares/Third_Party/LwIP/src/core/memp.c:452:1:memp_free_pool	0	static
../Middlewares/Third_Party/LwIP/src/core/memp.c:469:1:memp_free	0	static
