../Middlewares/Third_Party/LwIP/src/core/tcp.c:838:1:tcp_new_port	20	static
../Middlewares/Third_Party/LwIP/src/core/tcp.c:330:1:tcp_close_shutdown_fin	8	static
../Middlewares/Third_Party/LwIP/src/core/tcp.c:145:1:tcp_init	0	static
../Middlewares/Third_Party/LwIP/src/core/tcp.c:562:1:tcp_bind	24	static
../Middlewares/Third_Party/LwIP/src/core/tcp.c:686:1:tcp_listen_with_backlog_and_err	16	static
../Middlewares/Third_Party/LwIP/src/core/tcp.c:664:1:tcp_listen_with_backlog	0	static
../Middlewares/Third_Party/LwIP/src/core/tcp.c:759:1:tcp_update_rcv_ann_wnd	16	static
../Middlewares/Third_Party/LwIP/src/core/tcp.c:794:1:tcp_recved	16	static
../Middlewares/Third_Party/LwIP/src/core/tcp.c:1298:1:tcp_txnow	8	static
../Middlewares/Third_Party/LwIP/src/core/tcp.c:1390:1:tcp_seg_free	8	static
../Middlewares/Third_Party/LwIP/src/core/tcp.c:1375:1:tcp_segs_free	8	static
../Middlewares/Third_Party/LwIP/src/core/tcp.c:1410:1:tcp_setprio	0	static
../Middlewares/Third_Party/LwIP/src/core/tcp.c:1424:1:tcp_seg_copy	16	static
../Middlewares/Third_Party/LwIP/src/core/tcp.c:1701:1:tcp_arg	0	static
../Middlewares/Third_Party/LwIP/src/core/tcp.c:1720:1:tcp_recv	16	static
../Middlewares/Third_Party/LwIP/src/core/tcp.c:1737:1:tcp_sent	16	static
../Middlewares/Third_Party/LwIP/src/core/tcp.c:1757:1:tcp_err	16	static
../Middlewares/Third_Party/LwIP/src/core/tcp.c:1775:1:tcp_accept	0	static
../Middlewares/Third_Party/LwIP/src/core/tcp.c:1793:1:tcp_poll	16	static
../Middlewares/Third_Party/LwIP/src/core/tcp.c:1811:1:tcp_pcb_purge	16	static
../Middlewares/Third_Party/LwIP/src/core/tcp.c:986:1:tcp_slowtmr	56	static
../Middlewares/Third_Party/LwIP/src/core/tcp.c:1860:1:tcp_pcb_remove	8	static
../Middlewares/Third_Party/LwIP/src/core/tcp.c:265:1:tcp_close_shutdown	24	static
../Middlewares/Third_Party/LwIP/src/core/tcp.c:399:1:tcp_close	0	static
../Middlewares/Third_Party/LwIP/src/core/tcp.c:1444:1:tcp_recv_null	8	static
../Middlewares/Third_Party/LwIP/src/core/tcp.c:1311:1:tcp_process_refused_data	24	static
../Middlewares/Third_Party/LwIP/src/core/tcp.c:1251:1:tcp_fasttmr	32	static
../Middlewares/Third_Party/LwIP/src/core/tcp.c:156:1:tcp_tmr	8	static
../Middlewares/Third_Party/LwIP/src/core/tcp.c:426:1:tcp_shutdown	16	static
../Middlewares/Third_Party/LwIP/src/core/tcp.c:470:1:tcp_abandon	40	static
../Middlewares/Third_Party/LwIP/src/core/tcp.c:541:1:tcp_abort	0	static
../Middlewares/Third_Party/LwIP/src/core/tcp.c:637:1:tcp_accept_null	8	static
../Middlewares/Third_Party/LwIP/src/core/tcp.c:1977:1:tcp_netif_ip_addr_changed_pcblist	16	static
../Middlewares/Third_Party/LwIP/src/core/tcp.c:1495:1:tcp_kill_state	8	static
../Middlewares/Third_Party/LwIP/src/core/tcp.c:1555:1:tcp_alloc	24	static
../Middlewares/Third_Party/LwIP/src/core/tcp.c:1660:1:tcp_new	0	static
../Middlewares/Third_Party/LwIP/src/core/tcp.c:1677:1:tcp_new_ip_type	0	static
../Middlewares/Third_Party/LwIP/src/core/tcp.c:1895:1:tcp_next_iss	0	static
../Middlewares/Third_Party/LwIP/src/core/tcp.c:1916:1:tcp_eff_send_mss_impl	8	static
../Middlewares/Third_Party/LwIP/src/core/tcp.c:877:1:tcp_connect	16	static
../Middlewares/Third_Party/LwIP/src/core/tcp.c:2006:1:tcp_netif_ip_addr_changed	16	static
../Middlewares/Third_Party/LwIP/src/core/tcp.c:2030:1:tcp_debug_state_str	0	static
