../Middlewares/Third_Party/LwIP/src/core/tcp_in.c:970:1:tcp_oos_insert_segment	24	static
../Middlewares/Third_Party/LwIP/src/core/tcp_in.c:1016:1:tcp_receive	48	static
../Middlewares/Third_Party/LwIP/src/core/tcp_in.c:1709:1:tcp_getoptbyte	8	static
../Middlewares/Third_Party/LwIP/src/core/tcp_in.c:1729:1:tcp_parseopt	24	static
../Middlewares/Third_Party/LwIP/src/core/tcp_in.c:536:1:tcp_input_delayed_close	8	static
../Middlewares/Third_Party/LwIP/src/core/tcp_in.c:104:1:tcp_input	56	static
../Middlewares/Third_Party/LwIP/src/core/tcp_in.c:1832:1:tcp_trigger_input_pcb_close	0	static
