../Core/Src/lib/ArduinoJson6/ArduinoJson/Json/../Deserialization/DeserializationError.hpp:16:8:void ArduinoJson6101_110::DeserializationError::safeBoolHelper() const	0	static
../Core/Src/main.cpp:766:6:void udp_data_callback(void*, udp_pcb*, pbuf*, const ip_addr_t*, u16_t)	32	static,ignoring_inline_asm
../Core/Src/main.cpp:824:6:void udp_mpg_callback(void*, udp_pcb*, pbuf*, const ip_addr_t*, u16_t)	16	static
c:\st\stm32cubeide_1.8.0\stm32cubeide\plugins\com.st.stm32cube.ide.mcu.externaltools.gnu-tools-for-stm32.10.3-2021.10.win32_1.0.0.202111181127\tools\arm-none-eabi\include\c++\10.3.1\bits\basic_string.h:533:7:std::__cxx11::basic_string<_CharT, _Traits, _Alloc>::basic_string(const _CharT*, const _Alloc&) [with _CharT = char; _Traits = std::char_traits<char>; _Alloc = std::allocator<char>]	24	static
../Core/Src/lib/ArduinoJson6/ArduinoJson/Json/../Deserialization/DeserializationError.hpp:56:3:ArduinoJson6101_110::DeserializationError::operator ArduinoJson6101_110::DeserializationError::bool_type() const	0	static
../Core/Src/lib/ArduinoJson6/ArduinoJson/Collection/CollectionImpl.hpp:92:21:ArduinoJson6101_110::VariantSlot* ArduinoJson6101_110::CollectionData::getSlot(TAdaptedString) const [with TAdaptedString = ArduinoJson6101_110::ConstRamStringAdapter]	16	static
../Core/Src/lib/ArduinoJson6/ArduinoJson/Collection/CollectionImpl.hpp:12:21:ArduinoJson6101_110::VariantSlot* ArduinoJson6101_110::CollectionData::addSlot(ArduinoJson6101_110::MemoryPool*)	8	static
../Core/Src/lib/ArduinoJson6/ArduinoJson/Json/../Deserialization/../StringStorage/./../Memory/StringBuilder.hpp:25:8:void ArduinoJson6101_110::StringBuilder::append(char)	8	static
../Core/Src/lib/ArduinoJson6/ArduinoJson/Json/../Deserialization/../StringStorage/./../Memory/StringBuilder.hpp:36:9:char* ArduinoJson6101_110::StringBuilder::complete()	16	static
../Core/Src/interrupt/irqHandlers.h:5:7:void TIM1_UP_TIM10_IRQHandler()	0	static
../Core/Src/interrupt/irqHandlers.h:15:7:void TIM2_IRQHandler()	0	static
../Core/Src/interrupt/irqHandlers.h:26:7:void DMA2_Stream2_IRQHandler()	0	static
../Core/Src/thread/createThreads.h:4:6:void createThreads()	16	static
../Core/Src/main.cpp:108:6:int __io_putchar(int)	16	static
../Core/Src/main.cpp:191:8:int8_t checkJson()	16	static,ignoring_inline_asm
../Core/Src/main.cpp:235:6:void moveJson()	16	static
../Core/Src/main.cpp:261:6:void jsonFromFlash(std::string)	24	static
../Core/Src/main.cpp:409:6:void debugThreadHigh()	32	static
../Core/Src/main.cpp:418:6:void debugThreadLow()	32	static
../Core/Src/main.cpp:619:6:void SystemClock_Config()	80	static,ignoring_inline_asm
../Core/Src/main.cpp:695:6:void Error_Handler()	0	static,ignoring_inline_asm
../Core/Src/main.cpp:724:6:void udpServer_init()	16	static
../Core/Src/lib/ArduinoJson6/ArduinoJson/Json/JsonDeserializer.hpp:49:8:char ArduinoJson6101_110::JsonDeserializer<TReader, TStringStorage>::current() [with TReader = ArduinoJson6101_110::UnsafeCharPointerReader; TStringStorage = ArduinoJson6101_110::StringCopier]	0	static
../Core/Src/lib/ArduinoJson6/ArduinoJson/Json/JsonDeserializer.hpp:321:24:ArduinoJson6101_110::DeserializationError ArduinoJson6101_110::JsonDeserializer<TReader, TStringStorage>::skipSpacesAndComments() [with TReader = ArduinoJson6101_110::UnsafeCharPointerReader; TStringStorage = ArduinoJson6101_110::StringCopier]	16	static
../Core/Src/lib/ArduinoJson6/ArduinoJson/Array/../Variant/../Operators/../Variant/VariantAs.hpp:76:1:typename ArduinoJson6101_110::enable_if<(ArduinoJson6101_110::is_same<T, const char*>::value || ArduinoJson6101_110::is_same<T, char*>::value), const char*>::type ArduinoJson6101_110::variantAs(const ArduinoJson6101_110::VariantData*) [with T = const char*]	0	static
../Core/Src/lib/ArduinoJson6/ArduinoJson/Array/../Variant/VariantData.hpp:335:16:ArduinoJson6101_110::VariantData* ArduinoJson6101_110::VariantData::getMember(TAdaptedString) const [with TAdaptedString = ArduinoJson6101_110::ConstRamStringAdapter]	0	static
../Core/Src/lib/ArduinoJson6/ArduinoJson/Json/JsonDeserializer.hpp:179:24:ArduinoJson6101_110::DeserializationError ArduinoJson6101_110::JsonDeserializer<TReader, TStringStorage>::parseQuotedString(const char*&) [with TReader = ArduinoJson6101_110::UnsafeCharPointerReader; TStringStorage = ArduinoJson6101_110::StringCopier]	40	static
../Core/Src/lib/ArduinoJson6/ArduinoJson/Json/JsonDeserializer.hpp:306:22:static bool ArduinoJson6101_110::JsonDeserializer<TReader, TStringStorage>::canBeInNonQuotedString(char) [with TReader = ArduinoJson6101_110::UnsafeCharPointerReader; TStringStorage = ArduinoJson6101_110::StringCopier]	0	static
../Core/Src/lib/ArduinoJson6/ArduinoJson/Json/JsonDeserializer.hpp:163:24:ArduinoJson6101_110::DeserializationError ArduinoJson6101_110::JsonDeserializer<TReader, TStringStorage>::parseKey(const char*&) [with TReader = ArduinoJson6101_110::UnsafeCharPointerReader; TStringStorage = ArduinoJson6101_110::StringCopier]	40	static
../Core/Src/lib/ArduinoJson6/ArduinoJson/Object/ObjectFunctions.hpp:26:21:ArduinoJson6101_110::VariantData* ArduinoJson6101_110::objectGet(const ArduinoJson6101_110::CollectionData*, TAdaptedString) [with TAdaptedString = ArduinoJson6101_110::ConstRamStringAdapter]	0	static
../Core/Src/main.cpp:361:6:void loadModules()	32	static
../Core/Src/lib/ArduinoJson6/ArduinoJson/Array/../Variant/../Numbers/FloatTraits.hpp:60:12:static T ArduinoJson6101_110::FloatTraits<T, 8>::negativeBinaryPowerOfTen(int) [with T = double]	16	static
../Core/Src/lib/ArduinoJson6/ArduinoJson/Array/../Variant/../Numbers/FloatTraits.hpp:29:12:static T ArduinoJson6101_110::FloatTraits<T, 8>::make_float(T, TExponent) [with TExponent = int; T = double]	40	static
../Core/Src/lib/ArduinoJson6/ArduinoJson/Variant/../Numbers/parseNumber.hpp:55:36:ArduinoJson6101_110::ParsedNumber<TFloat, TUInt> ArduinoJson6101_110::parseNumber(const char*) [with TFloat = double; TUInt = long long unsigned int]	32	static
../Core/Src/lib/ArduinoJson6/ArduinoJson/Json/JsonDeserializer.hpp:241:24:ArduinoJson6101_110::DeserializationError ArduinoJson6101_110::JsonDeserializer<TReader, TStringStorage>::parseNumericValue(ArduinoJson6101_110::VariantData&) [with TReader = ArduinoJson6101_110::UnsafeCharPointerReader; TStringStorage = ArduinoJson6101_110::StringCopier]	120	static
../Core/Src/lib/ArduinoJson6/ArduinoJson/Json/JsonDeserializer.hpp:155:24:ArduinoJson6101_110::DeserializationError ArduinoJson6101_110::JsonDeserializer<TReader, TStringStorage>::parseValue(ArduinoJson6101_110::VariantData&) [with TReader = ArduinoJson6101_110::UnsafeCharPointerReader; TStringStorage = ArduinoJson6101_110::StringCopier]	32	static
../Core/Src/lib/ArduinoJson6/ArduinoJson/Json/JsonDeserializer.hpp:30:24:ArduinoJson6101_110::DeserializationError ArduinoJson6101_110::JsonDeserializer<TReader, TStringStorage>::parse(ArduinoJson6101_110::VariantData&) [with TReader = ArduinoJson6101_110::UnsafeCharPointerReader; TStringStorage = ArduinoJson6101_110::StringCopier]	24	static
../Core/Src/main.cpp:300:6:void deserialiseJSON()	24	static
../Core/Src/lib/ArduinoJson6/ArduinoJson/Json/JsonDeserializer.hpp:70:24:ArduinoJson6101_110::DeserializationError ArduinoJson6101_110::JsonDeserializer<TReader, TStringStorage>::parseArray(ArduinoJson6101_110::CollectionData&) [with TReader = ArduinoJson6101_110::UnsafeCharPointerReader; TStringStorage = ArduinoJson6101_110::StringCopier]	40	static
../Core/Src/lib/ArduinoJson6/ArduinoJson/Json/JsonDeserializer.hpp:105:24:ArduinoJson6101_110::DeserializationError ArduinoJson6101_110::JsonDeserializer<TReader, TStringStorage>::parseObject(ArduinoJson6101_110::CollectionData&) [with TReader = ArduinoJson6101_110::UnsafeCharPointerReader; TStringStorage = ArduinoJson6101_110::StringCopier]	80	static
../Core/Src/main.cpp:332:6:void configThreads()	64	static
../Core/Src/main.cpp:433:5:int main()	56	static,ignoring_inline_asm
../Core/Src/main.cpp:837:1:cpp)	8	static
../Core/Src/main.cpp:837:1:cpp)	8	static
