../Core/Src/stm32f2xx_hal_msp.c:65:6:HAL_MspInit	8	static
../Core/Src/stm32f2xx_hal_msp.c:87:6:HAL_CRC_MspInit	8	static
../Core/Src/stm32f2xx_hal_msp.c:109:6:HAL_CRC_MspDeInit	0	static
../Core/Src/stm32f2xx_hal_msp.c:131:6:HAL_TIM_PWM_MspInit	8	static
../Core/Src/stm32f2xx_hal_msp.c:147:6:HAL_TIM_MspPostInit	32	static
../Core/Src/stm32f2xx_hal_msp.c:179:6:HAL_TIM_PWM_MspDeInit	0	static
../Core/Src/stm32f2xx_hal_msp.c:201:6:HAL_UART_MspInit	48	static
../Core/Src/stm32f2xx_hal_msp.c:261:6:HAL_UART_MspDeInit	0	static
