../Core/Src/modules/pwm/softPwm.cpp:50:6:virtual void SoftPWM::slowUpdate()	0	static
../Core/Src/modules/pwm/softPwm.h:11:7:SoftPWM::~SoftPWM()	8	static
../Core/Src/modules/pwm/softPwm.h:11:7:virtual SoftPWM::~SoftPWM()	8	static
c:\st\stm32cubeide_1.8.0\stm32cubeide\plugins\com.st.stm32cube.ide.mcu.externaltools.gnu-tools-for-stm32.10.3-2021.10.win32_1.0.0.202111181127\tools\arm-none-eabi\include\c++\10.3.1\bits\basic_string.h:456:7:std::__cxx11::basic_string<_CharT, _Traits, _Alloc>::basic_string(const std::__cxx11::basic_string<_CharT, _Traits, _Alloc>&) [with _CharT = char; _Traits = std::char_traits<char>; _Alloc = std::allocator<char>]	24	static
../Core/Src/modules/pwm/softPwm.cpp:16:6:virtual void SoftPWM::update()	24	static
../Core/Src/modules/pwm/softPwm.cpp:5:1:SoftPWM::SoftPWM(volatile float&, std::string)	40	static
