../Core/Src/modules/pwm/spindlePwm.cpp:109:6:virtual void SpindlePWM::slowUpdate()	0	static
../Core/Src/modules/pwm/spindlePwm.h:13:7:SpindlePWM::~SpindlePWM()	8	static
../Core/Src/modules/pwm/spindlePwm.h:13:7:virtual SpindlePWM::~SpindlePWM()	8	static
../Core/Src/modules/pwm/spindlePwm.cpp:76:6:virtual void SpindlePWM::update()	24	static
../Core/Src/modules/pwm/spindlePwm.cpp:26:1:SpindlePWM::SpindlePWM(volatile float&)	88	static
../Core/Inc/../Src/lib/ArduinoJson6/ArduinoJson/Object/ObjectFunctions.hpp:26:21:ArduinoJson6101_110::VariantData* ArduinoJson6101_110::objectGet(const ArduinoJson6101_110::CollectionData*, TAdaptedString) [with TAdaptedString = ArduinoJson6101_110::ConstRamStringAdapter]	16	static
../Core/Inc/../Src/lib/ArduinoJson6/ArduinoJson/Array/../Variant/../Numbers/FloatTraits.hpp:60:12:static T ArduinoJson6101_110::FloatTraits<T, 8>::negativeBinaryPowerOfTen(int) [with T = double]	16	static
../Core/Inc/../Src/lib/ArduinoJson6/ArduinoJson/Array/../Variant/../Numbers/FloatTraits.hpp:29:12:static T ArduinoJson6101_110::FloatTraits<T, 8>::make_float(T, TExponent) [with TExponent = int; T = double]	40	static
../Core/Inc/../Src/lib/ArduinoJson6/ArduinoJson/Variant/../Numbers/parseNumber.hpp:55:36:ArduinoJson6101_110::ParsedNumber<TFloat, TUInt> ArduinoJson6101_110::parseNumber(const char*) [with TFloat = double; TUInt = long long unsigned int]	32	static
../Core/Src/modules/pwm/spindlePwm.cpp:9:6:void createSpindlePWM()	48	static
