../Core/Src/thread/pruThread.cpp:10:1:pruThread::pruThread(TIM_TypeDef*, IRQn_Type, uint32_t)	8	static
../Core/Src/thread/pruThread.cpp:18:6:void pruThread::startThread()	24	static
../Core/Src/thread/pruThread.cpp:23:6:void pruThread::stopThread()	0	static
../Core/Src/thread/pruThread.cpp:42:6:void pruThread::run()	8	static
c:\st\stm32cubeide_1.8.0\stm32cubeide\plugins\com.st.stm32cube.ide.mcu.externaltools.gnu-tools-for-stm32.10.3-2021.10.win32_1.0.0.202111181127\tools\arm-none-eabi\include\c++\10.3.1\bits\vector.tcc:426:7:) [with _Args = {Module* const&}; _Tp = Module*; _Alloc = std::allocator<Module*>]	40	static
c:\st\stm32cubeide_1.8.0\stm32cubeide\plugins\com.st.stm32cube.ide.mcu.externaltools.gnu-tools-for-stm32.10.3-2021.10.win32_1.0.0.202111181127\tools\arm-none-eabi\include\c++\10.3.1\bits\stl_vector.h:1187:7:void std::vector<_Tp, _Alloc>::push_back(const value_type&) [with _Tp = Module*; _Alloc = std::allocator<Module*>]	8	static
../Core/Src/thread/pruThread.cpp:29:6:void pruThread::registerModule(Module*)	16	static
../Core/Src/thread/pruThread.cpp:35:6:void pruThread::registerModulePost(Module*)	16	static
