../Middlewares/Third_Party/LwIP/src/apps/mqtt/mqtt.c:420:1:mqtt_output_append_u8	0	static
../Middlewares/Third_Party/LwIP/src/apps/mqtt/mqtt.c:426:6:mqtt_output_append_u16	8	static
../Middlewares/Third_Party/LwIP/src/apps/mqtt/mqtt.c:442:1:mqtt_output_append_string	12	static
../Middlewares/Third_Party/LwIP/src/apps/mqtt/mqtt.c:257:1:mqtt_create_request	12	static
../Middlewares/Third_Party/LwIP/src/apps/mqtt/mqtt.c:483:1:mqtt_output_check_space	0	static
../Middlewares/Third_Party/LwIP/src/apps/mqtt/mqtt.c:283:1:mqtt_append_request	24	static
../Middlewares/Third_Party/LwIP/src/apps/mqtt/mqtt.c:326:1:mqtt_take_request	16	static
../Middlewares/Third_Party/LwIP/src/apps/mqtt/mqtt.c:205:1:mqtt_output_send	24	static
../Middlewares/Third_Party/LwIP/src/apps/mqtt/mqtt.c:955:1:mqtt_tcp_poll_cb	8	static
../Middlewares/Third_Party/LwIP/src/apps/mqtt/mqtt.c:506:1:mqtt_close	16	static
../Middlewares/Third_Party/LwIP/src/apps/mqtt/mqtt.c:937:1:mqtt_tcp_err_cb	8	static
../Middlewares/Third_Party/LwIP/src/apps/mqtt/mqtt.c:972:1:mqtt_tcp_connect_cb	16	static
../Middlewares/Third_Party/LwIP/src/apps/mqtt/mqtt.c:463:1:mqtt_output_append_fixed_header.constprop	16	static
../Middlewares/Third_Party/LwIP/src/apps/mqtt/mqtt.c:604:1:pub_ack_rec_rel_response.isra	32	static
../Middlewares/Third_Party/LwIP/src/apps/mqtt/mqtt.c:545:1:mqtt_cyclic_timer	32	static
../Middlewares/Third_Party/LwIP/src/apps/mqtt/mqtt.c:641:3:mqtt_message_received	48	static
../Middlewares/Third_Party/LwIP/src/apps/mqtt/mqtt.c:860:1:mqtt_tcp_recv_cb	56	static
../Middlewares/Third_Party/LwIP/src/apps/mqtt/mqtt.c:904:1:mqtt_tcp_sent_cb	16	static
../Middlewares/Third_Party/LwIP/src/apps/mqtt/mqtt.c:1025:1:mqtt_publish	56	static
../Middlewares/Third_Party/LwIP/src/apps/mqtt/mqtt.c:1100:1:mqtt_sub_unsub	56	static
../Middlewares/Third_Party/LwIP/src/apps/mqtt/mqtt.c:1164:1:mqtt_set_inpub_callback	24	static
../Middlewares/Third_Party/LwIP/src/apps/mqtt/mqtt.c:1179:1:mqtt_client_new	8	static
../Middlewares/Third_Party/LwIP/src/apps/mqtt/mqtt.c:1201:1:mqtt_client_connect	64	static
../Middlewares/Third_Party/LwIP/src/apps/mqtt/mqtt.c:1318:1:mqtt_disconnect	8	static
../Middlewares/Third_Party/LwIP/src/apps/mqtt/mqtt.c:1336:1:mqtt_client_is_connected	8	static
