../Core/Src/modules/stepgen/stepgen.cpp:63:6:virtual void Stepgen::slowUpdate()	0	static
../Core/Src/modules/stepgen/stepgen.h:15:7:Stepgen::~Stepgen()	8	static
../Core/Src/modules/stepgen/stepgen.h:15:7:virtual Stepgen::~Stepgen()	8	static
c:\st\stm32cubeide_1.8.0\stm32cubeide\plugins\com.st.stm32cube.ide.mcu.externaltools.gnu-tools-for-stm32.10.3-2021.10.win32_1.0.0.202111181127\tools\arm-none-eabi\include\c++\10.3.1\bits\basic_string.h:456:7:std::__cxx11::basic_string<_CharT, _Traits, _Alloc>::basic_string(const std::__cxx11::basic_string<_CharT, _Traits, _Alloc>&) [with _CharT = char; _Traits = std::char_traits<char>; _Alloc = std::allocator<char>]	24	static
c:\st\stm32cubeide_1.8.0\stm32cubeide\plugins\com.st.stm32cube.ide.mcu.externaltools.gnu-tools-for-stm32.10.3-2021.10.win32_1.0.0.202111181127\tools\arm-none-eabi\include\c++\10.3.1\bits\basic_string.h:533:7:std::__cxx11::basic_string<_CharT, _Traits, _Alloc>::basic_string(const _CharT*, const _Alloc&) [with _CharT = char; _Traits = std::char_traits<char>; _Alloc = std::allocator<char>]	24	static
../Core/Src/modules/stepgen/stepgen.cpp:33:1:Stepgen::Stepgen(int32_t, int, std::string, std::string, int, volatile int32_t&, volatile int32_t&, volatile uint8_t&)	48	static
../Core/Src/modules/stepgen/stepgen.cpp:68:6:void Stepgen::makePulses()	8	static
../Core/Src/modules/stepgen/stepgen.cpp:52:6:virtual void Stepgen::update()	0	static
../Core/Src/modules/stepgen/stepgen.cpp:106:6:void Stepgen::stopPulses()	8	static
../Core/Src/modules/stepgen/stepgen.cpp:58:6:virtual void Stepgen::updatePost()	0	static
../Core/Src/modules/stepgen/stepgen.cpp:113:6:void Stepgen::setEnabled(bool)	0	static
../Core/Inc/../Src/lib/ArduinoJson6/ArduinoJson/Array/../Variant/../Operators/../Variant/VariantAs.hpp:76:1:typename ArduinoJson6101_110::enable_if<(ArduinoJson6101_110::is_same<T, const char*>::value || ArduinoJson6101_110::is_same<T, char*>::value), const char*>::type ArduinoJson6101_110::variantAs(const ArduinoJson6101_110::VariantData*) [with T = const char*]	0	static
../Core/Inc/../Src/lib/ArduinoJson6/ArduinoJson/Object/ObjectFunctions.hpp:26:21:ArduinoJson6101_110::VariantData* ArduinoJson6101_110::objectGet(const ArduinoJson6101_110::CollectionData*, TAdaptedString) [with TAdaptedString = ArduinoJson6101_110::ConstRamStringAdapter]	16	static
../Core/Inc/../Src/lib/ArduinoJson6/ArduinoJson/Array/../Variant/../Numbers/FloatTraits.hpp:60:12:static T ArduinoJson6101_110::FloatTraits<T, 8>::negativeBinaryPowerOfTen(int) [with T = double]	16	static
../Core/Inc/../Src/lib/ArduinoJson6/ArduinoJson/Array/../Variant/../Numbers/FloatTraits.hpp:29:12:static T ArduinoJson6101_110::FloatTraits<T, 8>::make_float(T, TExponent) [with TExponent = int; T = double]	40	static
../Core/Inc/../Src/lib/ArduinoJson6/ArduinoJson/Variant/../Numbers/parseNumber.hpp:55:36:ArduinoJson6101_110::ParsedNumber<TFloat, TUInt> ArduinoJson6101_110::parseNumber(const char*) [with TFloat = double; TUInt = long long unsigned int]	32	static
../Core/Src/modules/stepgen/stepgen.cpp:8:6:void createStepgen()	104	static
