../Core/Src/modules/digitalPin/digitalPin.cpp:119:6:virtual void DigitalPin::slowUpdate()	0	static
../Core/Src/modules/digitalPin/digitalPin.h:14:7:DigitalPin::~DigitalPin()	8	static
../Core/Src/modules/digitalPin/digitalPin.h:14:7:virtual DigitalPin::~DigitalPin()	8	static
../Core/Src/modules/digitalPin/digitalPin.cpp:87:6:virtual void DigitalPin::update()	8	static
c:\st\stm32cubeide_1.8.0\stm32cubeide\plugins\com.st.stm32cube.ide.mcu.externaltools.gnu-tools-for-stm32.10.3-2021.10.win32_1.0.0.202111181127\tools\arm-none-eabi\include\c++\10.3.1\bits\basic_string.h:456:7:std::__cxx11::basic_string<_CharT, _Traits, _Alloc>::basic_string(const std::__cxx11::basic_string<_CharT, _Traits, _Alloc>&) [with _CharT = char; _Traits = std::char_traits<char>; _Alloc = std::allocator<char>]	24	static
c:\st\stm32cubeide_1.8.0\stm32cubeide\plugins\com.st.stm32cube.ide.mcu.externaltools.gnu-tools-for-stm32.10.3-2021.10.win32_1.0.0.202111181127\tools\arm-none-eabi\include\c++\10.3.1\bits\basic_string.h:533:7:std::__cxx11::basic_string<_CharT, _Traits, _Alloc>::basic_string(const _CharT*, const _Alloc&) [with _CharT = char; _Traits = std::char_traits<char>; _Alloc = std::allocator<char>]	24	static
../Core/Src/modules/digitalPin/digitalPin.cpp:74:1:DigitalPin::DigitalPin(volatile uint32_t&, int, std::string, int, bool, int)	48	static
../Core/Inc/../Src/lib/ArduinoJson6/ArduinoJson/Array/../Variant/../Operators/../Variant/VariantAs.hpp:76:1:typename ArduinoJson6101_110::enable_if<(ArduinoJson6101_110::is_same<T, const char*>::value || ArduinoJson6101_110::is_same<T, char*>::value), const char*>::type ArduinoJson6101_110::variantAs(const ArduinoJson6101_110::VariantData*) [with T = const char*]	0	static
../Core/Inc/../Src/lib/ArduinoJson6/ArduinoJson/Object/ObjectFunctions.hpp:26:21:ArduinoJson6101_110::VariantData* ArduinoJson6101_110::objectGet(const ArduinoJson6101_110::CollectionData*, TAdaptedString) [with TAdaptedString = ArduinoJson6101_110::ConstRamStringAdapter]	16	static
../Core/Inc/../Src/lib/ArduinoJson6/ArduinoJson/Array/../Variant/../Numbers/FloatTraits.hpp:60:12:static T ArduinoJson6101_110::FloatTraits<T, 8>::negativeBinaryPowerOfTen(int) [with T = double]	16	static
../Core/Inc/../Src/lib/ArduinoJson6/ArduinoJson/Array/../Variant/../Numbers/FloatTraits.hpp:29:12:static T ArduinoJson6101_110::FloatTraits<T, 8>::make_float(T, TExponent) [with TExponent = int; T = double]	40	static
../Core/Inc/../Src/lib/ArduinoJson6/ArduinoJson/Variant/../Numbers/parseNumber.hpp:55:36:ArduinoJson6101_110::ParsedNumber<TFloat, TUInt> ArduinoJson6101_110::parseNumber(const char*) [with TFloat = double; TUInt = long long unsigned int]	32	static
../Core/Src/modules/digitalPin/digitalPin.cpp:7:6:void createDigitalPin()	72	static
