../LWIP/Target/ethernetif.c:290:14:low_level_output	48	static
../LWIP/Target/ethernetif.c:82:6:HAL_ETH_MspInit	72	static
../LWIP/Target/ethernetif.c:134:6:HAL_ETH_MspDeInit	8	static
../LWIP/Target/ethernetif.c:463:6:ethernetif_input	48	static
../LWIP/Target/ethernetif.c:518:7:ethernetif_init	32	static
../LWIP/Target/ethernetif.c:565:7:sys_jiffies	0	static
../LWIP/Target/ethernetif.c:576:7:sys_now	0	static
../LWIP/Target/ethernetif.c:592:6:ethernetif_set_link	24	static
../LWIP/Target/ethernetif.c:718:13:ethernetif_notify_conn_changed	0	static
../LWIP/Target/ethernetif.c:630:6:ethernetif_update_config	24	static
