tcp.c:145:1:tcp_init	4	static
tcp.c:156:1:tcp_tmr	8	static
tcp.c:173:1:tcp_remove_listener	24	static
tcp.c:188:1:tcp_listen_closed	24	static
tcp.c:265:1:tcp_close_shutdown	40	static
tcp.c:330:1:tcp_close_shutdown_fin	24	static
tcp.c:399:1:tcp_close	16	static
tcp.c:426:1:tcp_shutdown	24	static
tcp.c:470:1:tcp_abandon	56	static
tcp.c:541:1:tcp_abort	16	static
tcp.c:562:1:tcp_bind	40	static
tcp.c:637:1:tcp_accept_null	24	static
tcp.c:664:1:tcp_listen_with_backlog	16	static
tcp.c:686:1:tcp_listen_with_backlog_and_err	40	static
tcp.c:759:1:tcp_update_rcv_ann_wnd	24	static
tcp.c:794:1:tcp_recved	24	static
tcp.c:838:1:tcp_new_port	16	static
tcp.c:877:1:tcp_connect	48	static
tcp.c:986:1:tcp_slowtmr	64	static
tcp.c:1251:1:tcp_fasttmr	16	static
tcp.c:1298:1:tcp_txnow	16	static
tcp.c:1311:1:tcp_process_refused_data	32	static
tcp.c:1375:1:tcp_segs_free	24	static
tcp.c:1390:1:tcp_seg_free	16	static
tcp.c:1410:1:tcp_setprio	16	static
tcp.c:1424:1:tcp_seg_copy	24	static
tcp.c:1444:1:tcp_recv_null	24	static
tcp.c:1464:1:tcp_kill_prio	32	static
tcp.c:1495:1:tcp_kill_state	32	static
tcp.c:1527:1:tcp_kill_timewait	24	static
tcp.c:1555:1:tcp_alloc	24	static
tcp.c:1660:1:tcp_new	8	static
tcp.c:1677:1:tcp_new_ip_type	24	static
tcp.c:1701:1:tcp_arg	16	static
tcp.c:1720:1:tcp_recv	16	static
tcp.c:1737:1:tcp_sent	16	static
tcp.c:1757:1:tcp_err	16	static
tcp.c:1775:1:tcp_accept	24	static
tcp.c:1793:1:tcp_poll	24	static
tcp.c:1811:1:tcp_pcb_purge	16	static
tcp.c:1860:1:tcp_pcb_remove	24	static
tcp.c:1895:1:tcp_next_iss	16	static
tcp.c:1916:1:tcp_eff_send_mss_impl	24	static
tcp.c:1977:1:tcp_netif_ip_addr_changed_pcblist	24	static
tcp.c:2006:1:tcp_netif_ip_addr_changed	24	static
tcp.c:2030:1:tcp_debug_state_str	16	static
