Archive member included to satisfy reference by file (symbol)

c:/st/stm32cubeide_1.8.0/stm32cubeide/plugins/com.st.stm32cube.ide.mcu.externaltools.gnu-tools-for-stm32.10.3-2021.10.win32_1.0.0.202111181127/tools/bin/../lib/gcc/arm-none-eabi/10.3.1/../../../../arm-none-eabi/lib/thumb/v7-m/nofp\libstdc++_nano.a(del_ops.o)
                              ./Core/Src/modules/blink/blink.o (operator delete(void*, unsigned int))
c:/st/stm32cubeide_1.8.0/stm32cubeide/plugins/com.st.stm32cube.ide.mcu.externaltools.gnu-tools-for-stm32.10.3-2021.10.win32_1.0.0.202111181127/tools/bin/../lib/gcc/arm-none-eabi/10.3.1/../../../../arm-none-eabi/lib/thumb/v7-m/nofp\libstdc++_nano.a(guard.o)
                              ./Core/Src/main.o (__cxa_guard_acquire)
c:/st/stm32cubeide_1.8.0/stm32cubeide/plugins/com.st.stm32cube.ide.mcu.externaltools.gnu-tools-for-stm32.10.3-2021.10.win32_1.0.0.202111181127/tools/bin/../lib/gcc/arm-none-eabi/10.3.1/../../../../arm-none-eabi/lib/thumb/v7-m/nofp\libstdc++_nano.a(new_op.o)
                              ./Core/Src/main.o (operator new(unsigned int))
c:/st/stm32cubeide_1.8.0/stm32cubeide/plugins/com.st.stm32cube.ide.mcu.externaltools.gnu-tools-for-stm32.10.3-2021.10.win32_1.0.0.202111181127/tools/bin/../lib/gcc/arm-none-eabi/10.3.1/../../../../arm-none-eabi/lib/thumb/v7-m/nofp\libstdc++_nano.a(pure.o)
                              ./Core/Src/interrupt/interrupt.o (__cxa_pure_virtual)
c:/st/stm32cubeide_1.8.0/stm32cubeide/plugins/com.st.stm32cube.ide.mcu.externaltools.gnu-tools-for-stm32.10.3-2021.10.win32_1.0.0.202111181127/tools/bin/../lib/gcc/arm-none-eabi/10.3.1/../../../../arm-none-eabi/lib/thumb/v7-m/nofp\libstdc++_nano.a(functexcept.o)
                              ./Core/Src/drivers/pin/pin.o (std::__throw_logic_error(char const*))
c:/st/stm32cubeide_1.8.0/stm32cubeide/plugins/com.st.stm32cube.ide.mcu.externaltools.gnu-tools-for-stm32.10.3-2021.10.win32_1.0.0.202111181127/tools/bin/../lib/gcc/arm-none-eabi/10.3.1/../../../../arm-none-eabi/lib/thumb/v7-m/nofp\libstdc++_nano.a(snprintf_lite.o)
                              c:/st/stm32cubeide_1.8.0/stm32cubeide/plugins/com.st.stm32cube.ide.mcu.externaltools.gnu-tools-for-stm32.10.3-2021.10.win32_1.0.0.202111181127/tools/bin/../lib/gcc/arm-none-eabi/10.3.1/../../../../arm-none-eabi/lib/thumb/v7-m/nofp\libstdc++_nano.a(functexcept.o) (__gnu_cxx::__snprintf_lite(char*, unsigned int, char const*, std::__va_list))
c:/st/stm32cubeide_1.8.0/stm32cubeide/plugins/com.st.stm32cube.ide.mcu.externaltools.gnu-tools-for-stm32.10.3-2021.10.win32_1.0.0.202111181127/tools/bin/../lib/gcc/arm-none-eabi/10.3.1/../../../../arm-none-eabi/lib/thumb/v7-m/nofp\libstdc++_nano.a(string-inst.o)
                              ./Core/Src/drivers/pin/pin.o (std::__cxx11::basic_string<char, std::char_traits<char>, std::allocator<char> >::_M_create(unsigned int&, unsigned int))
c:/st/stm32cubeide_1.8.0/stm32cubeide/plugins/com.st.stm32cube.ide.mcu.externaltools.gnu-tools-for-stm32.10.3-2021.10.win32_1.0.0.202111181127/tools/bin/../lib/gcc/arm-none-eabi/10.3.1/../../../../arm-none-eabi/lib/thumb/v7-m/nofp\libstdc++_nano.a(del_op.o)
                              c:/st/stm32cubeide_1.8.0/stm32cubeide/plugins/com.st.stm32cube.ide.mcu.externaltools.gnu-tools-for-stm32.10.3-2021.10.win32_1.0.0.202111181127/tools/bin/../lib/gcc/arm-none-eabi/10.3.1/../../../../arm-none-eabi/lib/thumb/v7-m/nofp\libstdc++_nano.a(del_ops.o) (operator delete(void*))
c:/st/stm32cubeide_1.8.0/stm32cubeide/plugins/com.st.stm32cube.ide.mcu.externaltools.gnu-tools-for-stm32.10.3-2021.10.win32_1.0.0.202111181127/tools/bin/../lib/gcc/arm-none-eabi/10.3.1/../../../../arm-none-eabi/lib/thumb/v7-m/nofp\libstdc++_nano.a(eh_terminate.o)
                              c:/st/stm32cubeide_1.8.0/stm32cubeide/plugins/com.st.stm32cube.ide.mcu.externaltools.gnu-tools-for-stm32.10.3-2021.10.win32_1.0.0.202111181127/tools/bin/../lib/gcc/arm-none-eabi/10.3.1/../../../../arm-none-eabi/lib/thumb/v7-m/nofp\libstdc++_nano.a(pure.o) (std::terminate())
c:/st/stm32cubeide_1.8.0/stm32cubeide/plugins/com.st.stm32cube.ide.mcu.externaltools.gnu-tools-for-stm32.10.3-2021.10.win32_1.0.0.202111181127/tools/bin/../lib/gcc/arm-none-eabi/10.3.1/../../../../arm-none-eabi/lib/thumb/v7-m/nofp\libstdc++_nano.a(eh_unex_handler.o)
                              c:/st/stm32cubeide_1.8.0/stm32cubeide/plugins/com.st.stm32cube.ide.mcu.externaltools.gnu-tools-for-stm32.10.3-2021.10.win32_1.0.0.202111181127/tools/bin/../lib/gcc/arm-none-eabi/10.3.1/../../../../arm-none-eabi/lib/thumb/v7-m/nofp\libstdc++_nano.a(eh_terminate.o) (__cxxabiv1::__unexpected_handler)
c:/st/stm32cubeide_1.8.0/stm32cubeide/plugins/com.st.stm32cube.ide.mcu.externaltools.gnu-tools-for-stm32.10.3-2021.10.win32_1.0.0.202111181127/tools/bin/../lib/gcc/arm-none-eabi/10.3.1/../../../../arm-none-eabi/lib/thumb/v7-m/nofp\libstdc++_nano.a(new_handler.o)
[...]
Memory Configuration

Name             Origin             Length             Attributes
RAM              0x0000000020000000 0x000000000001c000 xrw
RAM2             0x000000002001c000 0x0000000000004000 xrw
FLASH            0x0000000008000000 0x0000000000040000 xr
*default*        0x0000000000000000 0xffffffffffffffff

Linker script and memory map

LOAD c:/st/stm32cubeide_1.8.0/stm32cubeide/plugins/com.st.stm32cube.ide.mcu.externaltools.gnu-tools-for-stm32.10.3-2021.10.win32_1.0.0.202111181127/tools/bin/../lib/gcc/arm-none-eabi/10.3.1/thumb/v7-m/nofp/crti.o
LOAD c:/st/stm32cubeide_1.8.0/stm32cubeide/plugins/com.st.stm32cube.ide.mcu.externaltools.gnu-tools-for-stm32.10.3-2021.10.win32_1.0.0.202111181127/tools/bin/../lib/gcc/arm-none-eabi/10.3.1/thumb/v7-m/nofp/crtbegin.o
LOAD c:/st/stm32cubeide_1.8.0/stm32cubeide/plugins/com.st.stm32cube.ide.mcu.externaltools.gnu-tools-for-stm32.10.3-2021.10.win32_1.0.0.202111181127/tools/bin/../lib/gcc/arm-none-eabi/10.3.1/../../../../arm-none-eabi/lib/thumb/v7-m/nofp/crt0.o
LOAD ./Core/Src/drivers/pin/pin.o
LOAD ./Core/Src/flash_if.o
LOAD ./Core/Src/main.o
LOAD ./Core/Src/stm32f2xx_hal_msp.o
LOAD ./Core/Src/stm32f2xx_it.o
LOAD ./Core/Src/syscalls.o
LOAD ./Core/Src/sysmem.o
LOAD ./Core/Src/system_stm32f2xx.o
LOAD ./Core/Src/tftpserver.o
LOAD ./Core/Src/interrupt/interrupt.o
LOAD ./Core/Src/modules/blink/blink.o
LOAD ./Core/Src/modules/comms/RemoraComms.o
LOAD ./Core/Src/modules/debug/debug.o
LOAD ./Core/Src/modules/digitalPin/digitalPin.o
LOAD ./Core/Src/modules/module.o
LOAD ./Core/Src/modules/moduleInterrupt.o
LOAD ./Core/Src/modules/nvmpg/nvmpg.o
LOAD ./Core/Src/modules/pwm/softPwm.o
LOAD ./Core/Src/modules/pwm/spindlePwm.o
LOAD ./Core/Src/modules/stepgen/stepgen.o
LOAD ./Core/Src/thread/pruThread.o
LOAD ./Core/Src/thread/timer.o
LOAD ./Core/Src/thread/timerInterrupt.o
LOAD ./Core/Startup/startup_stm32f207vctx.o
LOAD ./Drivers/STM32F2xx_HAL_Driver/Src/stm32f2xx_hal.o
LOAD ./Drivers/STM32F2xx_HAL_Driver/Src/stm32f2xx_hal_cortex.o
LOAD ./Drivers/STM32F2xx_HAL_Driver/Src/stm32f2xx_hal_crc.o
LOAD ./Drivers/STM32F2xx_HAL_Driver/Src/stm32f2xx_hal_dma.o
LOAD ./Drivers/STM32F2xx_HAL_Driver/Src/stm32f2xx_hal_dma_ex.o
LOAD ./Drivers/STM32F2xx_HAL_Driver/Src/stm32f2xx_hal_eth.o
LOAD ./Drivers/STM32F2xx_HAL_Driver/Src/stm32f2xx_hal_exti.o
LOAD ./Drivers/STM32F2xx_HAL_Driver/Src/stm32f2xx_hal_flash.o
LOAD ./Drivers/STM32F2xx_HAL_Driver/Src/stm32f2xx_hal_flash_ex.o
LOAD ./Drivers/STM32F2xx_HAL_Driver/Src/stm32f2xx_hal_gpio.o
LOAD ./Drivers/STM32F2xx_HAL_Driver/Src/stm32f2xx_hal_iwdg.o
LOAD ./Drivers/STM32F2xx_HAL_Driver/Src/stm32f2xx_hal_pwr.o
LOAD ./Drivers/STM32F2xx_HAL_Driver/Src/stm32f2xx_hal_pwr_ex.o
LOAD ./Drivers/STM32F2xx_HAL_Driver/Src/stm32f2xx_hal_rcc.o
LOAD ./Drivers/STM32F2xx_HAL_Driver/Src/stm32f2xx_hal_rcc_ex.o
LOAD ./Drivers/STM32F2xx_HAL_Driver/Src/stm32f2xx_hal_tim.o
LOAD ./Drivers/STM32F2xx_HAL_Driver/Src/stm32f2xx_hal_tim_ex.o
LOAD ./Drivers/STM32F2xx_HAL_Driver/Src/stm32f2xx_hal_uart.o
LOAD ./LWIP/App/lwip.o
LOAD ./LWIP/Target/ethernetif.o
LOAD ./Middlewares/Third_Party/LwIP/src/api/api_lib.o
LOAD ./Middlewares/Third_Party/LwIP/src/api/api_msg.o
LOAD ./Middlewares/Third_Party/LwIP/src/api/err.o
LOAD ./Middlewares/Third_Party/LwIP/src/api/netbuf.o
LOAD ./Middlewares/Third_Party/LwIP/src/api/netdb.o
LOAD ./Middlewares/Third_Party/LwIP/src/api/netifapi.o
LOAD ./Middlewares/Third_Party/LwIP/src/api/sockets.o
LOAD ./Middlewares/Third_Party/LwIP/src/api/tcpip.o
LOAD ./Middlewares/Third_Party/LwIP/src/apps/mqtt/mqtt.o
LOAD ./Middlewares/Third_Party/LwIP/src/core/def.o
LOAD ./Middlewares/Third_Party/LwIP/src/core/dns.o
LOAD ./Middlewares/Third_Party/LwIP/src/core/inet_chksum.o
LOAD ./Middlewares/Third_Party/LwIP/src/core/init.o
LOAD ./Middlewares/Third_Party/LwIP/src/core/ip.o
LOAD ./Middlewares/Third_Party/LwIP/src/core/mem.o
LOAD ./Middlewares/Third_Party/LwIP/src/core/memp.o
LOAD ./Middlewares/Third_Party/LwIP/src/core/netif.o
LOAD ./Middlewares/Third_Party/LwIP/src/core/pbuf.o
LOAD ./Middlewares/Third_Party/LwIP/src/core/raw.o
LOAD ./Middlewares/Third_Party/LwIP/src/core/stats.o
LOAD ./Middlewares/Third_Party/LwIP/src/core/sys.o
LOAD ./Middlewares/Third_Party/LwIP/src/core/tcp.o
LOAD ./Middlewares/Third_Party/LwIP/src/core/tcp_in.o
LOAD ./Middlewares/Third_Party/LwIP/src/core/tcp_out.o
LOAD ./Middlewares/Third_Party/LwIP/src/core/timeouts.o
LOAD ./Middlewares/Third_Party/LwIP/src/core/udp.o
LOAD ./Middlewares/Third_Party/LwIP/src/core/ipv4/autoip.o
LOAD ./Middlewares/Third_Party/LwIP/src/core/ipv4/dhcp.o
LOAD ./Middlewares/Third_Party/LwIP/src/core/ipv4/etharp.o
LOAD ./Middlewares/Third_Party/LwIP/src/core/ipv4/icmp.o
LOAD ./Middlewares/Third_Party/LwIP/src/core/ipv4/igmp.o
LOAD ./Middlewares/Third_Party/LwIP/src/core/ipv4/ip4.o
LOAD ./Middlewares/Third_Party/LwIP/src/core/ipv4/ip4_addr.o
LOAD ./Middlewares/Third_Party/LwIP/src/core/ipv4/ip4_frag.o
LOAD ./Middlewares/Third_Party/LwIP/src/core/ipv6/dhcp6.o
LOAD ./Middlewares/Third_Party/LwIP/src/core/ipv6/ethip6.o
LOAD ./Middlewares/Third_Party/LwIP/src/core/ipv6/icmp6.o
LOAD ./Middlewares/Third_Party/LwIP/src/core/ipv6/inet6.o
LOAD ./Middlewares/Third_Party/LwIP/src/core/ipv6/ip6.o
LOAD ./Middlewares/Third_Party/LwIP/src/core/ipv6/ip6_addr.o
LOAD ./Middlewares/Third_Party/LwIP/src/core/ipv6/ip6_frag.o
LOAD ./Middlewares/Third_Party/LwIP/src/core/ipv6/mld6.o
LOAD ./Middlewares/Third_Party/LwIP/src/core/ipv6/nd6.o
LOAD ./Middlewares/Third_Party/LwIP/src/netif/ethernet.o
LOAD ./Middlewares/Third_Party/LwIP/src/netif/lowpan6.o
LOAD ./Middlewares/Third_Party/LwIP/src/netif/slipif.o
LOAD ./Middlewares/Third_Party/LwIP/src/netif/ppp/auth.o
LOAD ./Middlewares/Third_Party/LwIP/src/netif/ppp/ccp.o
LOAD ./Middlewares/Third_Party/LwIP/src/netif/ppp/chap-md5.o
LOAD ./Middlewares/Third_Party/LwIP/src/netif/ppp/chap-new.o
LOAD ./Middlewares/Third_Party/LwIP/src/netif/ppp/chap_ms.o
LOAD ./Middlewares/Third_Party/LwIP/src/netif/ppp/demand.o
LOAD ./Middlewares/Third_Party/LwIP/src/netif/ppp/eap.o
LOAD ./Middlewares/Third_Party/LwIP/src/netif/ppp/ecp.o
LOAD ./Middlewares/Third_Party/LwIP/src/netif/ppp/eui64.o
LOAD ./Middlewares/Third_Party/LwIP/src/netif/ppp/fsm.o
LOAD ./Middlewares/Third_Party/LwIP/src/netif/ppp/ipcp.o
LOAD ./Middlewares/Third_Party/LwIP/src/netif/ppp/ipv6cp.o
LOAD ./Middlewares/Third_Party/LwIP/src/netif/ppp/lcp.o
LOAD ./Middlewares/Third_Party/LwIP/src/netif/ppp/magic.o
LOAD ./Middlewares/Third_Party/LwIP/src/netif/ppp/mppe.o
LOAD ./Middlewares/Third_Party/LwIP/src/netif/ppp/multilink.o
LOAD ./Middlewares/Third_Party/LwIP/src/netif/ppp/ppp.o
LOAD ./Middlewares/Third_Party/LwIP/src/netif/ppp/pppapi.o
LOAD ./Middlewares/Third_Party/LwIP/src/netif/ppp/pppcrypt.o
LOAD ./Middlewares/Third_Party/LwIP/src/netif/ppp/pppoe.o
LOAD ./Middlewares/Third_Party/LwIP/src/netif/ppp/pppol2tp.o
LOAD ./Middlewares/Third_Party/LwIP/src/netif/ppp/pppos.o
LOAD ./Middlewares/Third_Party/LwIP/src/netif/ppp/upap.o
LOAD ./Middlewares/Third_Party/LwIP/src/netif/ppp/utils.o
LOAD ./Middlewares/Third_Party/LwIP/src/netif/ppp/vj.o
START GROUP
LOAD c:/st/stm32cubeide_1.8.0/stm32cubeide/plugins/com.st.stm32cube.ide.mcu.externaltools.gnu-tools-for-stm32.10.3-2021.10.win32_1.0.0.202111181127/tools/bin/../lib/gcc/arm-none-eabi/10.3.1/../../../../arm-none-eabi/lib/thumb/v7-m/nofp\libstdc++_nano.a
LOAD c:/st/stm32cubeide_1.8.0/stm32cubeide/plugins/com.st.stm32cube.ide.mcu.externaltools.gnu-tools-for-stm32.10.3-2021.10.win32_1.0.0.202111181127/tools/bin/../lib/gcc/arm-none-eabi/10.3.1/../../../../arm-none-eabi/lib/thumb/v7-m/nofp\libsupc++_nano.a
END GROUP
LOAD c:/st/stm32cubeide_1.8.0/stm32cubeide/plugins/com.st.stm32cube.ide.mcu.externaltools.gnu-tools-for-stm32.10.3-2021.10.win32_1.0.0.202111181127/tools/bin/../lib/gcc/arm-none-eabi/10.3.1/../../../../arm-none-eabi/lib/thumb/v7-m/nofp\libstdc++_nano.a
LOAD c:/st/stm32cubeide_1.8.0/stm32cubeide/plugins/com.st.stm32cube.ide.mcu.externaltools.gnu-tools-for-stm32.10.3-2021.10.win32_1.0.0.202111181127/tools/bin/../lib/gcc/arm-none-eabi/10.3.1/../../../../arm-none-eabi/lib/thumb/v7-m/nofp\libm.a
LOAD c:/st/stm32cubeide_1.8.0/stm32cubeide/plugins/com.st.stm32cube.ide.mcu.externaltools.gnu-tools-for-stm32.10.3-2021.10.win32_1.0.0.202111181127/tools/bin/../lib/gcc/arm-none-eabi/10.3.1/../../../../arm-none-eabi/lib/thumb/v7-m/nofp\libc_nano.a
START GROUP
LOAD c:/st/stm32cubeide_1.8.0/stm32cubeide/plugins/com.st.stm32cube.ide.mcu.externaltools.gnu-tools-for-stm32.10.3-2021.10.win32_1.0.0.202111181127/tools/bin/../lib/gcc/arm-none-eabi/10.3.1/thumb/v7-m/nofp\libgcc.a
LOAD c:/st/stm32cubeide_1.8.0/stm32cubeide/plugins/com.st.stm32cube.ide.mcu.externaltools.gnu-tools-for-stm32.10.3-2021.10.win32_1.0.0.202111181127/tools/bin/../lib/gcc/arm-none-eabi/10.3.1/../../../../arm-none-eabi/lib/thumb/v7-m/nofp\libc_nano.a
END GROUP
START GROUP
LOAD c:/st/stm32cubeide_1.8.0/stm32cubeide/plugins/com.st.stm32cube.ide.mcu.externaltools.gnu-tools-for-stm32.10.3-2021.10.win32_1.0.0.202111181127/tools/bin/../lib/gcc/arm-none-eabi/10.3.1/thumb/v7-m/nofp\libgcc.a
LOAD c:/st/stm32cubeide_1.8.0/stm32cubeide/plugins/com.st.stm32cube.ide.mcu.externaltools.gnu-tools-for-stm32.10.3-2021.10.win32_1.0.0.202111181127/tools/bin/../lib/gcc/arm-none-eabi/10.3.1/../../../../arm-none-eabi/lib/thumb/v7-m/nofp\libc_nano.a
LOAD c:/st/stm32cubeide_1.8.0/stm32cubeide/plugins/com.st.stm32cube.ide.mcu.externaltools.gnu-tools-for-stm32.10.3-2021.10.win32_1.0.0.202111181127/tools/bin/../lib/gcc/arm-none-eabi/10.3.1/../../../../arm-none-eabi/lib/thumb/v7-m/nofp\libnosys.a
END GROUP
START GROUP
LOAD c:/st/stm32cubeide_1.8.0/stm32cubeide/plugins/com.st.stm32cube.ide.mcu.externaltools.gnu-tools-for-stm32.10.3-2021.10.win32_1.0.0.202111181127/tools/bin/../lib/gcc/arm-none-eabi/10.3.1/thumb/v7-m/nofp\libgcc.a
LOAD c:/st/stm32cubeide_1.8.0/stm32cubeide/plugins/com.st.stm32cube.ide.mcu.externaltools.gnu-tools-for-stm32.10.3-2021.10.win32_1.0.0.202111181127/tools/bin/../lib/gcc/arm-none-eabi/10.3.1/../../../../arm-none-eabi/lib/thumb/v7-m/nofp\libc_nano.a
LOAD c:/st/stm32cubeide_1.8.0/stm32cubeide/plugins/com.st.stm32cube.ide.mcu.externaltools.gnu-tools-for-stm32.10.3-2021.10.win32_1.0.0.202111181127/tools/bin/../lib/gcc/arm-none-eabi/10.3.1/../../../../arm-none-eabi/lib/thumb/v7-m/nofp\libnosys.a
END GROUP
LOAD c:/st/stm32cubeide_1.8.0/stm32cubeide/plugins/com.st.stm32cube.ide.mcu.externaltools.gnu-tools-for-stm32.10.3-2021.10.win32_1.0.0.202111181127/tools/bin/../lib/gcc/arm-none-eabi/10.3.1/thumb/v7-m/nofp/crtend.o
LOAD c:/st/stm32cubeide_1.8.0/stm32cubeide/plugins/com.st.stm32cube.ide.mcu.externaltools.gnu-tools-for-stm32.10.3-2021.10.win32_1.0.0.202111181127/tools/bin/../lib/gcc/arm-none-eabi/10.3.1/thumb/v7-m/nofp/crtn.o
                0x000000002001c000                _estack = (ORIGIN (RAM) + LENGTH (RAM))
                0x0000000000000200                _Min_Heap_Size = 0x200
                0x0000000000000400                _Min_Stack_Size = 0x400

.isr_vector     0x0000000008000000      0x184
                0x0000000008000000                . = ALIGN (0x4)
 *(.isr_vector)
 .isr_vector    0x0000000008000000      0x184 ./Core/Startup/startup_stm32f207vctx.o
                0x0000000008000000                g_pfnVectors
                0x0000000008000184                . = ALIGN (0x4)

.text           0x0000000008000188     0xcc20
                0x0000000008000188                . = ALIGN (0x4)
 *(.text)
 .text          0x0000000008000188       0x40 c:/st/stm32cubeide_1.8.0/stm32cubeide/plugins/com.st.stm32cube.ide.mcu.externaltools.gnu-tools-for-stm32.10.3-2021.10.win32_1.0.0.202111181127/tools/bin/../lib/gcc/arm-none-eabi/10.3.1/thumb/v7-m/nofp/crtbegin.o
 .text          0x00000000080001c8       0x14 c:/st/stm32cubeide_1.8.0/stm32cubeide/plugins/com.st.stm32cube.ide.mcu.externaltools.gnu-tools-for-stm32.10.3-2021.10.win32_1.0.0.202111181127/tools/bin/../lib/gcc/arm-none-eabi/10.3.1/../../../../arm-none-eabi/lib/thumb/v7-m/nofp\libc_nano.a(lib_a-strcmp.o)
                0x00000000080001c8                strcmp
 .text          0x00000000080001dc       0x10 c:/st/stm32cubeide_1.8.0/stm32cubeide/plugins/com.st.stm32cube.ide.mcu.externaltools.gnu-tools-for-stm32.10.3-2021.10.win32_1.0.0.202111181127/tools/bin/../lib/gcc/arm-none-eabi/10.3.1/../../../../arm-none-eabi/lib/thumb/v7-m/nofp\libc_nano.a(lib_a-strlen.o)
                0x00000000080001dc                strlen
 .text          0x00000000080001ec      0x378 c:/st/stm32cubeide_1.8.0/stm32cubeide/plugins/com.st.stm32cube.ide.mcu.externaltools.gnu-tools-for-stm32.10.3-2021.10.win32_1.0.0.202111181127/tools/bin/../lib/gcc/arm-none-eabi/10.3.1/thumb/v7-m/nofp\libgcc.a(_arm_addsubdf3.o)
                0x00000000080001ec                __aeabi_drsub
                0x00000000080001f4                __aeabi_dsub
                0x00000000080001f4                __subdf3
                0x00000000080001f8                __aeabi_dadd
                0x00000000080001f8                __adddf3
                0x0000000008000470                __floatunsidf
                0x0000000008000470                __aeabi_ui2d
                0x0000000008000490                __floatsidf
                0x0000000008000490                __aeabi_i2d
                0x00000000080004b4                __aeabi_f2d
                0x00000000080004b4                __extendsfdf2
                0x00000000080004f8                __floatundidf
                0x00000000080004f8                __aeabi_ul2d
                0x0000000008000508                __floatdidf
                0x0000000008000508                __aeabi_l2d
 .text          0x0000000008000564      0x424 c:/st/stm32cubeide_1.8.0/stm32cubeide/plugins/com.st.stm32cube.ide.mcu.externaltools.gnu-tools-for-stm32.10.3-2021.10.win32_1.0.0.202111181127/tools/bin/../lib/gcc/arm-none-eabi/10.3.1/thumb/v7-m/nofp\libgcc.a(_arm_muldivdf3.o)
                0x0000000008000564                __aeabi_dmul
                0x0000000008000564                __muldf3
                0x00000000080007b8                __divdf3
                0x00000000080007b8                __aeabi_ddiv
 .text          0x0000000008000988      0x110 c:/st/stm32cubeide_1.8.0/stm32cubeide/plugins/com.st.stm32cube.ide.mcu.externaltools.gnu-tools-for-stm32.10.3-2021.10.win32_1.0.0.202111181127/tools/bin/../lib/gcc/arm-none-eabi/10.3.1/thumb/v7-m/nofp\libgcc.a(_arm_cmpdf2.o)
                0x0000000008000988                __gtdf2
                0x0000000008000988                __gedf2
                0x0000000008000990                __ltdf2
                0x0000000008000990                __ledf2
                0x0000000008000998                __nedf2
                0x0000000008000998                __eqdf2
                0x0000000008000998                __cmpdf2
                0x0000000008000a14                __aeabi_cdrcmple
                0x0000000008000a24                __aeabi_cdcmpeq
                0x0000000008000a24                __aeabi_cdcmple
                0x0000000008000a34                __aeabi_dcmpeq
                0x0000000008000a48                __aeabi_dcmplt
                0x0000000008000a5c                __aeabi_dcmple
                0x0000000008000a70                __aeabi_dcmpge
                0x0000000008000a84                __aeabi_dcmpgt
 .text          0x0000000008000a98       0x50 c:/st/stm32cubeide_1.8.0/stm32cubeide/plugins/com.st.stm32cube.ide.mcu.externaltools.gnu-tools-for-stm32.10.3-2021.10.win32_1.0.0.202111181127/tools/bin/../lib/gcc/arm-none-eabi/10.3.1/thumb/v7-m/nofp\libgcc.a(_arm_fixdfsi.o)
                0x0000000008000a98                __aeabi_d2iz
                0x0000000008000a98                __fixdfsi
 .text          0x0000000008000ae8       0x40 c:/st/stm32cubeide_1.8.0/stm32cubeide/plugins/com.st.stm32cube.ide.mcu.externaltools.gnu-tools-for-stm32.10.3-2021.10.win32_1.0.0.202111181127/tools/bin/../lib/gcc/arm-none-eabi/10.3.1/thumb/v7-m/nofp\libgcc.a(_arm_fixunsdfsi.o)
                0x0000000008000ae8                __aeabi_d2uiz
                0x0000000008000ae8                __fixunsdfsi
 .text          0x0000000008000b28      0x21c c:/st/stm32cubeide_1.8.0/stm32cubeide/plugins/com.st.stm32cube.ide.mcu.externaltools.gnu-tools-for-stm32.10.3-2021.10.win32_1.0.0.202111181127/tools/bin/../lib/gcc/arm-none-eabi/10.3.1/thumb/v7-m/nofp\libgcc.a(_arm_addsubsf3.o)
                0x0000000008000b28                __aeabi_frsub
                0x0000000008000b30                __subsf3
                0x0000000008000b30                __aeabi_fsub
                0x0000000008000b34                __aeabi_fadd
                0x0000000008000b34                __addsf3
                0x0000000008000c94                __aeabi_ui2f
                0x0000000008000c94                __floatunsisf
                0x0000000008000c9c                __aeabi_i2f
                0x0000000008000c9c                __floatsisf
                0x0000000008000cb8                __aeabi_ul2f
                0x0000000008000cb8                __floatundisf
                0x0000000008000cc8                __aeabi_l2f
                0x0000000008000cc8                __floatdisf
 .text          0x0000000008000d44      0x2a0 c:/st/stm32cubeide_1.8.0/stm32cubeide/plugins/com.st.stm32cube.ide.mcu.externaltools.gnu-tools-for-stm32.10.3-2021.10.win32_1.0.0.202111181127/tools/bin/../lib/gcc/arm-none-eabi/10.3.1/thumb/v7-m/nofp\libgcc.a(_arm_muldivsf3.o)
                0x0000000008000d44                __mulsf3
                0x0000000008000d44                __aeabi_fmul
                0x0000000008000eac                __aeabi_fdiv
                0x0000000008000eac                __divsf3
 .text          0x0000000008000fe4       0xec c:/st/stm32cubeide_1.8.0/stm32cubeide/plugins/com.st.stm32cube.ide.mcu.externaltools.gnu-tools-for-stm32.10.3-2021.10.win32_1.0.0.202111181127/tools/bin/../lib/gcc/arm-none-eabi/10.3.1/thumb/v7-m/nofp\libgcc.a(_arm_cmpsf2.o)
                0x0000000008000fe4                __gesf2
                0x0000000008000fe4                __gtsf2
                0x0000000008000fec                __lesf2
                0x0000000008000fec                __ltsf2
                0x0000000008000ff4                __nesf2
                0x0000000008000ff4                __eqsf2
                0x0000000008000ff4                __cmpsf2
                0x0000000008001054                __aeabi_cfrcmple
                0x000000000800105c                __aeabi_cfcmpeq
                0x000000000800105c                __aeabi_cfcmple
                0x000000000800106c                __aeabi_fcmpeq
                0x0000000008001080                __aeabi_fcmplt
                0x0000000008001094                __aeabi_fcmple
                0x00000000080010a8                __aeabi_fcmpge
                0x00000000080010bc                __aeabi_fcmpgt
 .text          0x00000000080010d0       0x4c c:/st/stm32cubeide_1.8.0/stm32cubeide/plugins/com.st.stm32cube.ide.mcu.externaltools.gnu-tools-for-stm32.10.3-2021.10.win32_1.0.0.202111181127/tools/bin/../lib/gcc/arm-none-eabi/10.3.1/thumb/v7-m/nofp\libgcc.a(_arm_fixsfsi.o)
                0x00000000080010d0                __aeabi_f2iz
                0x00000000080010d0                __fixsfsi
 .text          0x000000000800111c       0x30 c:/st/stm32cubeide_1.8.0/stm32cubeide/plugins/com.st.stm32cube.ide.mcu.externaltools.gnu-tools-for-stm32.10.3-2021.10.win32_1.0.0.202111181127/tools/bin/../lib/gcc/arm-none-eabi/10.3.1/thumb/v7-m/nofp\libgcc.a(_aeabi_uldivmod.o)
                0x000000000800111c                __aeabi_uldivmod
 .text          0x000000000800114c      0x2d4 c:/st/stm32cubeide_1.8.0/stm32cubeide/plugins/com.st.stm32cube.ide.mcu.externaltools.gnu-tools-for-stm32.10.3-2021.10.win32_1.0.0.202111181127/tools/bin/../lib/gcc/arm-none-eabi/10.3.1/thumb/v7-m/nofp\libgcc.a(_udivmoddi4.o)
                0x000000000800114c                __udivmoddi4
 .text          0x0000000008001420        0x4 c:/st/stm32cubeide_1.8.0/stm32cubeide/plugins/com.st.stm32cube.ide.mcu.externaltools.gnu-tools-for-stm32.10.3-2021.10.win32_1.0.0.202111181127/tools/bin/../lib/gcc/arm-none-eabi/10.3.1/thumb/v7-m/nofp\libgcc.a(_dvmd_tls.o)
                0x0000000008001420                __aeabi_idiv0
                0x0000000008001420                __aeabi_ldiv0
 *(.text*)
 .text._ZNSt7__cxx1112basic_stringIcSt11char_traitsIcESaIcEEC2ERKS4_.isra.0
                0x0000000008001424       0x4c ./Core/Src/drivers/pin/pin.o
 .text._ZN3Pin7initPinEv
                0x0000000008001470       0x2c ./Core/Src/drivers/pin/pin.o
                0x0000000008001470                Pin::initPin()
 .text._ZN3Pin9configPinEv
                0x000000000800149c      0x128 ./Core/Src/drivers/pin/pin.o
                0x000000000800149c                Pin::configPin()
 .text._ZN3PinC2ENSt7__cxx1112basic_stringIcSt11char_traitsIcESaIcEEEi
                0x00000000080015c4       0x34 ./Core/Src/drivers/pin/pin.o
                0x00000000080015c4                Pin::Pin(std::__cxx11::basic_string<char, std::char_traits<char>, std::allocator<char> >, int)
                0x00000000080015c4                Pin::Pin(std::__cxx11::basic_string<char, std::char_traits<char>, std::allocator<char> >, int)
 .text._ZN3PinC2ENSt7__cxx1112basic_stringIcSt11char_traitsIcESaIcEEEii
                0x00000000080015f8       0x6c ./Core/Src/drivers/pin/pin.o
                0x00000000080015f8                Pin::Pin(std::__cxx11::basic_string<char, std::char_traits<char>, std::allocator<char> >, int, int)
                0x00000000080015f8                Pin::Pin(std::__cxx11::basic_string<char, std::char_traits<char>, std::allocator<char> >, int, int)
 .text._Z13FLASH_If_Initv
                0x0000000008001664        0x4 ./Core/Src/flash_if.o
                0x0000000008001664                FLASH_If_Init()
 .text._Z14FLASH_If_Erasem
                0x0000000008001668       0xd0 ./Core/Src/flash_if.o
                0x0000000008001668                FLASH_If_Erase(unsigned long)
 .text._Z14FLASH_If_WritePVmPmt
                0x0000000008001738       0x50 ./Core/Src/flash_if.o
                0x0000000008001738                FLASH_If_Write(unsigned long volatile*, unsigned long*, unsigned short)
 .text._ZNK19ArduinoJson6101_11020DeserializationError14safeBoolHelperEv
                0x0000000008001788        0x2 ./Core/Src/main.o
                0x0000000008001788                ArduinoJson6101_110::DeserializationError::safeBoolHelper() const
 *fill*         0x000000000800178a        0x2 
 .text._Z17udp_data_callbackPvP7udp_pcbP4pbufPK8ip4_addrt
                0x000000000800178c       0xe4 ./Core/Src/main.o
                0x000000000800178c                udp_data_callback(void*, udp_pcb*, pbuf*, ip4_addr const*, unsigned short)
 .text._Z16udp_mpg_callbackPvP7udp_pcbP4pbufPK8ip4_addrt
                0x0000000008001870       0x3c ./Core/Src/main.o
                0x0000000008001870                udp_mpg_callback(void*, udp_pcb*, pbuf*, ip4_addr const*, unsigned short)
 .text._ZNK19ArduinoJson6101_11020DeserializationErrorcvMS0_KFvvEEv.isra.0
                0x00000000080018ac       0x18 ./Core/Src/main.o
 .text._ZNK19ArduinoJson6101_11014CollectionData7getSlotINS_21ConstRamStringAdapterEEEPNS_11VariantSlotET_.isra.0
                0x00000000080018c4       0x32 ./Core/Src/main.o
 .text._ZN19ArduinoJson6101_11014CollectionData7addSlotEPNS_10MemoryPoolE
                0x00000000080018f6       0x38 ./Core/Src/main.o
                0x00000000080018f6                ArduinoJson6101_110::CollectionData::addSlot(ArduinoJson6101_110::MemoryPool*)
 .text._ZN19ArduinoJson6101_11013StringBuilder6appendEc
                0x000000000800192e       0x1c ./Core/Src/main.o
                0x000000000800192e                ArduinoJson6101_110::StringBuilder::append(char)
 .text._ZN19ArduinoJson6101_11013StringBuilder8completeEv
                0x000000000800194a       0x20 ./Core/Src/main.o
                0x000000000800194a                ArduinoJson6101_110::StringBuilder::complete()
 *fill*         0x000000000800196a        0x2 
 .text.TIM1_UP_TIM10_IRQHandler
                0x000000000800196c       0x1c ./Core/Src/main.o
                0x000000000800196c                TIM1_UP_TIM10_IRQHandler
 .text.TIM2_IRQHandler
                0x0000000008001988       0x18 ./Core/Src/main.o
                0x0000000008001988                TIM2_IRQHandler
 .text.DMA2_Stream2_IRQHandler
                0x00000000080019a0        0x4 ./Core/Src/main.o
                0x00000000080019a0                DMA2_Stream2_IRQHandler
 .text._Z13createThreadsv
                0x00000000080019a4       0x5c ./Core/Src/main.o
                0x00000000080019a4                createThreads()
 .text.__io_putchar
                0x0000000008001a00       0x20 ./Core/Src/main.o
                0x0000000008001a00                __io_putchar
 .text._Z9checkJsonv
                0x0000000008001a20       0xc0 ./Core/Src/main.o
                0x0000000008001a20                checkJson()
 .text._Z8moveJsonv
                0x0000000008001ae0       0x50 ./Core/Src/main.o
                0x0000000008001ae0                moveJson()
 .text._Z13jsonFromFlashNSt7__cxx1112basic_stringIcSt11char_traitsIcESaIcEEE
                0x0000000008001b30       0x90 ./Core/Src/main.o
                0x0000000008001b30                jsonFromFlash(std::__cxx11::basic_string<char, std::char_traits<char>, std::allocator<char> >)
 .text._Z18SystemClock_Configv
                0x0000000008001bc0       0x68 ./Core/Src/main.o
                0x0000000008001bc0                SystemClock_Config()
 .text._Z14udpServer_initv
                0x0000000008001c28       0x5c ./Core/Src/main.o
                0x0000000008001c28                udpServer_init()
 .text._ZN19ArduinoJson6101_11016JsonDeserializerINS_23UnsafeCharPointerReaderENS_12StringCopierEE7currentEv
                0x0000000008001c84       0x16 ./Core/Src/main.o
                0x0000000008001c84                ArduinoJson6101_110::JsonDeserializer<ArduinoJson6101_110::UnsafeCharPointerReader, ArduinoJson6101_110::StringCopier>::current()
 .text._ZN19ArduinoJson6101_11016JsonDeserializerINS_23UnsafeCharPointerReaderENS_12StringCopierEE21skipSpacesAndCommentsEv
                0x0000000008001c9a       0x7a ./Core/Src/main.o
                0x0000000008001c9a                ArduinoJson6101_110::JsonDeserializer<ArduinoJson6101_110::UnsafeCharPointerReader, ArduinoJson6101_110::StringCopier>::skipSpacesAndComments()
 .text._ZN19ArduinoJson6101_1109variantAsIPKcEENS_9enable_ifIXoosrNS_7is_sameIT_S2_EE5valuesrNS4_IS5_PcEE5valueES2_E4typeEPKNS_11VariantDataE
                0x0000000008001d14       0x16 ./Core/Src/main.o
                0x0000000008001d14                ArduinoJson6101_110::enable_if<ArduinoJson6101_110::is_same<char const*, char const*>::value||ArduinoJson6101_110::is_same<char const*, char*>::value, char const*>::type ArduinoJson6101_110::variantAs<char const*>(ArduinoJson6101_110::VariantData const*)
 .text._ZNK19ArduinoJson6101_11011VariantData9getMemberINS_21ConstRamStringAdapterEEEPS0_T_
                0x0000000008001d2a       0x12 ./Core/Src/main.o
                0x0000000008001d2a                ArduinoJson6101_110::VariantData* ArduinoJson6101_110::VariantData::getMember<ArduinoJson6101_110::ConstRamStringAdapter>(ArduinoJson6101_110::ConstRamStringAdapter) const
 .text._ZN19ArduinoJson6101_11016JsonDeserializerINS_23UnsafeCharPointerReaderENS_12StringCopierEE17parseQuotedStringERPKc
                0x0000000008001d3c       0x94 ./Core/Src/main.o
                0x0000000008001d3c                ArduinoJson6101_110::JsonDeserializer<ArduinoJson6101_110::UnsafeCharPointerReader, ArduinoJson6101_110::StringCopier>::parseQuotedString(char const*&)
 .text._ZN19ArduinoJson6101_11016JsonDeserializerINS_23UnsafeCharPointerReaderENS_12StringCopierEE22canBeInNonQuotedStringEc
                0x0000000008001dd0       0x2e ./Core/Src/main.o
                0x0000000008001dd0                ArduinoJson6101_110::JsonDeserializer<ArduinoJson6101_110::UnsafeCharPointerReader, ArduinoJson6101_110::StringCopier>::canBeInNonQuotedString(char)
 .text._ZN19ArduinoJson6101_11016JsonDeserializerINS_23UnsafeCharPointerReaderENS_12StringCopierEE8parseKeyERPKc
                0x0000000008001dfe       0x78 ./Core/Src/main.o
                0x0000000008001dfe                ArduinoJson6101_110::JsonDeserializer<ArduinoJson6101_110::UnsafeCharPointerReader, ArduinoJson6101_110::StringCopier>::parseKey(char const*&)
 .text._ZN19ArduinoJson6101_1109objectGetINS_21ConstRamStringAdapterEEEPNS_11VariantDataEPKNS_14CollectionDataET_
                0x0000000008001e76        0xa ./Core/Src/main.o
                0x0000000008001e76                ArduinoJson6101_110::VariantData* ArduinoJson6101_110::objectGet<ArduinoJson6101_110::ConstRamStringAdapter>(ArduinoJson6101_110::CollectionData const*, ArduinoJson6101_110::ConstRamStringAdapter)
 .text._Z11loadModulesv
                0x0000000008001e80      0x12c ./Core/Src/main.o
                0x0000000008001e80                loadModules()
 *fill*         0x0000000008001fac        0x4 
 .text._ZN19ArduinoJson6101_11011FloatTraitsIdLj8EE24negativeBinaryPowerOfTenEi
                0x0000000008001fb0       0xd8 ./Core/Src/main.o
                0x0000000008001fb0                ArduinoJson6101_110::FloatTraits<double, 8u>::negativeBinaryPowerOfTen(int)
 .text._ZN19ArduinoJson6101_11011FloatTraitsIdLj8EE10make_floatIiEEddT_
                0x0000000008002088       0xd8 ./Core/Src/main.o
                0x0000000008002088                double ArduinoJson6101_110::FloatTraits<double, 8u>::make_float<int>(double, int)
 .text._ZN19ArduinoJson6101_11011parseNumberIdyEENS_12ParsedNumberIT_T0_EEPKc
                0x0000000008002160      0x1e4 ./Core/Src/main.o
                0x0000000008002160                ArduinoJson6101_110::ParsedNumber<double, unsigned long long> ArduinoJson6101_110::parseNumber<double, unsigned long long>(char const*)
 .text._ZN19ArduinoJson6101_11016JsonDeserializerINS_23UnsafeCharPointerReaderENS_12StringCopierEE17parseNumericValueERNS_11VariantDataE
                0x0000000008002344       0xe8 ./Core/Src/main.o
                0x0000000008002344                ArduinoJson6101_110::JsonDeserializer<ArduinoJson6101_110::UnsafeCharPointerReader, ArduinoJson6101_110::StringCopier>::parseNumericValue(ArduinoJson6101_110::VariantData&)
 .text._ZN19ArduinoJson6101_11016JsonDeserializerINS_23UnsafeCharPointerReaderENS_12StringCopierEE10parseValueERNS_11VariantDataE
                0x000000000800242c       0x52 ./Core/Src/main.o
                0x000000000800242c                ArduinoJson6101_110::JsonDeserializer<ArduinoJson6101_110::UnsafeCharPointerReader, ArduinoJson6101_110::StringCopier>::parseValue(ArduinoJson6101_110::VariantData&)
 .text._ZN19ArduinoJson6101_11016JsonDeserializerINS_23UnsafeCharPointerReaderENS_12StringCopierEE5parseERNS_11VariantDataE
                0x000000000800247e       0x72 ./Core/Src/main.o
                0x000000000800247e                ArduinoJson6101_110::JsonDeserializer<ArduinoJson6101_110::UnsafeCharPointerReader, ArduinoJson6101_110::StringCopier>::parse(ArduinoJson6101_110::VariantData&)
 .text._Z15deserialiseJSONv
                0x00000000080024f0       0xa8 ./Core/Src/main.o
                0x00000000080024f0                deserialiseJSON()
 .text._ZN19ArduinoJson6101_11016JsonDeserializerINS_23UnsafeCharPointerReaderENS_12StringCopierEE10parseArrayERNS_14CollectionDataE
                0x0000000008002598       0xbe ./Core/Src/main.o
                0x0000000008002598                ArduinoJson6101_110::JsonDeserializer<ArduinoJson6101_110::UnsafeCharPointerReader, ArduinoJson6101_110::StringCopier>::parseArray(ArduinoJson6101_110::CollectionData&)
 .text._ZN19ArduinoJson6101_11016JsonDeserializerINS_23UnsafeCharPointerReaderENS_12StringCopierEE11parseObjectERNS_14CollectionDataE
                0x0000000008002656      0x136 ./Core/Src/main.o
                0x0000000008002656                ArduinoJson6101_110::JsonDeserializer<ArduinoJson6101_110::UnsafeCharPointerReader, ArduinoJson6101_110::StringCopier>::parseObject(ArduinoJson6101_110::CollectionData&)
 *fill*         0x000000000800278c        0x4 
 .text._Z13configThreadsv
                0x0000000008002790      0x180 ./Core/Src/main.o
                0x0000000008002790                configThreads()
 .text.startup.main
                0x0000000008002910      0x204 ./Core/Src/main.o
                0x0000000008002910                main
 .text.startup._GLOBAL__sub_I_TIM1_UP_TIM10_IRQHandler
                0x0000000008002b14       0x5c ./Core/Src/main.o
 .text.exit._GLOBAL__sub_D_TIM1_UP_TIM10_IRQHandler
                0x0000000008002b70       0x1c ./Core/Src/main.o
 .text.HAL_MspInit
                0x0000000008002b8c       0x38 ./Core/Src/stm32f2xx_hal_msp.o
                0x0000000008002b8c                HAL_MspInit
 .text.HAL_TIM_PWM_MspInit
                0x0000000008002bc4       0x2c ./Core/Src/stm32f2xx_hal_msp.o
                0x0000000008002bc4                HAL_TIM_PWM_MspInit
 .text.HAL_UART_MspInit
                0x0000000008002bf0       0xc0 ./Core/Src/stm32f2xx_hal_msp.o
                0x0000000008002bf0                HAL_UART_MspInit
 .text.NMI_Handler
                0x0000000008002cb0        0x2 ./Core/Src/stm32f2xx_it.o
                0x0000000008002cb0                NMI_Handler
 .text.HardFault_Handler
                0x0000000008002cb2        0x2 ./Core/Src/stm32f2xx_it.o
                0x0000000008002cb2                HardFault_Handler
 .text.MemManage_Handler
                0x0000000008002cb4        0x2 ./Core/Src/stm32f2xx_it.o
                0x0000000008002cb4                MemManage_Handler
 .text.BusFault_Handler
                0x0000000008002cb6        0x2 ./Core/Src/stm32f2xx_it.o
                0x0000000008002cb6                BusFault_Handler
 .text.UsageFault_Handler
                0x0000000008002cb8        0x2 ./Core/Src/stm32f2xx_it.o
                0x0000000008002cb8                UsageFault_Handler
 .text.SVC_Handler
                0x0000000008002cba        0x2 ./Core/Src/stm32f2xx_it.o
                0x0000000008002cba                SVC_Handler
 .text.DebugMon_Handler
                0x0000000008002cbc        0x2 ./Core/Src/stm32f2xx_it.o
                0x0000000008002cbc                DebugMon_Handler
 .text.PendSV_Handler
                0x0000000008002cbe        0x2 ./Core/Src/stm32f2xx_it.o
                0x0000000008002cbe                PendSV_Handler
 .text.SysTick_Handler
                0x0000000008002cc0        0x4 ./Core/Src/stm32f2xx_it.o
                0x0000000008002cc0                SysTick_Handler
 .text._getpid  0x0000000008002cc4        0x4 ./Core/Src/syscalls.o
                0x0000000008002cc4                _getpid
 .text._kill    0x0000000008002cc8       0x10 ./Core/Src/syscalls.o
                0x0000000008002cc8                _kill
 .text._exit    0x0000000008002cd8        0xc ./Core/Src/syscalls.o
                0x0000000008002cd8                _exit
 .text._read    0x0000000008002ce4       0x1c ./Core/Src/syscalls.o
                0x0000000008002ce4                _read
 .text._write   0x0000000008002d00       0x1c ./Core/Src/syscalls.o
                0x0000000008002d00                _write
 .text._close   0x0000000008002d1c        0x6 ./Core/Src/syscalls.o
                0x0000000008002d1c                _close
 .text._fstat   0x0000000008002d22        0xa ./Core/Src/syscalls.o
                0x0000000008002d22                _fstat
 .text._isatty  0x0000000008002d2c        0x4 ./Core/Src/syscalls.o
                0x0000000008002d2c                _isatty
 .text._lseek   0x0000000008002d30        0x4 ./Core/Src/syscalls.o
                0x0000000008002d30                _lseek
 .text._sbrk    0x0000000008002d34       0x40 ./Core/Src/sysmem.o
                0x0000000008002d34                _sbrk
 .text.SystemInit
                0x0000000008002d74        0x2 ./Core/Src/system_stm32f2xx.o
                0x0000000008002d74                SystemInit
 *fill*         0x0000000008002d76        0x2 
 .text._ZL19IAP_tftp_cleanup_wrP7udp_pcbP20tftp_connection_args
                0x0000000008002d78       0x30 ./Core/Src/tftpserver.o
 .text._ZL24IAP_tftp_send_ack_packetP7udp_pcbPK8ip4_addrii.isra.0
                0x0000000008002da8       0x54 ./Core/Src/tftpserver.o
 .text._ZL22IAP_tftp_recv_callbackPvP7udp_pcbP4pbufPK8ip4_addrt
                0x0000000008002dfc       0xac ./Core/Src/tftpserver.o
 .text._ZL21IAP_wrq_recv_callbackPvP7udp_pcbP4pbufPK8ip4_addrt
                0x0000000008002ea8       0xe0 ./Core/Src/tftpserver.o
 .text._Z14IAP_tftpd_initv
                0x0000000008002f88       0x34 ./Core/Src/tftpserver.o
                0x0000000008002f88                IAP_tftpd_init()
 .text._ZN9InterruptC2Ev
                0x0000000008002fbc        0xc ./Core/Src/interrupt/interrupt.o
                0x0000000008002fbc                Interrupt::Interrupt()
                0x0000000008002fbc                Interrupt::Interrupt()
 .text._ZN9Interrupt8RegisterEiPS_
                0x0000000008002fc8       0x20 ./Core/Src/interrupt/interrupt.o
                0x0000000008002fc8                Interrupt::Register(int, Interrupt*)
 .text._ZN9Interrupt12TIM1_WrapperEv
                0x0000000008002fe8       0x10 ./Core/Src/interrupt/interrupt.o
                0x0000000008002fe8                Interrupt::TIM1_Wrapper()
 .text._ZN9Interrupt12TIM2_WrapperEv
                0x0000000008002ff8       0x10 ./Core/Src/interrupt/interrupt.o
                0x0000000008002ff8                Interrupt::TIM2_Wrapper()
 .text._ZN9Interrupt20DMA2_Stream2_WrapperEv
                0x0000000008003008       0x10 ./Core/Src/interrupt/interrupt.o
                0x0000000008003008                Interrupt::DMA2_Stream2_Wrapper()
 .text._ZN11RemoraComms6updateEv
                0x0000000008003018       0x24 ./Core/Src/modules/comms/RemoraComms.o
                0x0000000008003018                RemoraComms::update()
 .text._ZN11RemoraCommsD2Ev
                0x000000000800303c       0x14 ./Core/Src/modules/comms/RemoraComms.o
                0x000000000800303c                RemoraComms::~RemoraComms()
                0x000000000800303c                RemoraComms::~RemoraComms()
 .text._ZN11RemoraCommsD0Ev
                0x0000000008003050       0x14 ./Core/Src/modules/comms/RemoraComms.o
                0x0000000008003050                RemoraComms::~RemoraComms()
 .text._ZN11RemoraCommsC2Ev
                0x0000000008003064       0x20 ./Core/Src/modules/comms/RemoraComms.o
                0x0000000008003064                RemoraComms::RemoraComms()
                0x0000000008003064                RemoraComms::RemoraComms()
 .text._ZN11RemoraComms12dataReceivedEv
                0x0000000008003084        0x6 ./Core/Src/modules/comms/RemoraComms.o
                0x0000000008003084                RemoraComms::dataReceived()
 .text._ZN11RemoraComms9getStatusEv
                0x000000000800308a        0x4 ./Core/Src/modules/comms/RemoraComms.o
                0x000000000800308a                RemoraComms::getStatus()
 .text._ZN10DigitalPin10slowUpdateEv
                0x000000000800308e        0x2 ./Core/Src/modules/digitalPin/digitalPin.o
                0x000000000800308e                DigitalPin::slowUpdate()
 .text._ZN10DigitalPinD2Ev
                0x0000000008003090       0x1c ./Core/Src/modules/digitalPin/digitalPin.o
                0x0000000008003090                DigitalPin::~DigitalPin()
                0x0000000008003090                DigitalPin::~DigitalPin()
 .text._ZN10DigitalPinD0Ev
                0x00000000080030ac       0x14 ./Core/Src/modules/digitalPin/digitalPin.o
                0x00000000080030ac                DigitalPin::~DigitalPin()
 .text._ZN10DigitalPin6updateEv
                0x00000000080030c0       0x50 ./Core/Src/modules/digitalPin/digitalPin.o
                0x00000000080030c0                DigitalPin::update()
 .text._ZNSt7__cxx1112basic_stringIcSt11char_traitsIcESaIcEEC2ERKS4_.isra.0
                0x0000000008003110       0x4c ./Core/Src/modules/digitalPin/digitalPin.o
 .text._ZNSt7__cxx1112basic_stringIcSt11char_traitsIcESaIcEEC2EPKcRKS3_.isra.0
                0x000000000800315c       0x50 ./Core/Src/modules/digitalPin/digitalPin.o
 .text._ZN10DigitalPinC2ERVmiNSt7__cxx1112basic_stringIcSt11char_traitsIcESaIcEEEibi
                0x00000000080031ac       0x68 ./Core/Src/modules/digitalPin/digitalPin.o
                0x00000000080031ac                DigitalPin::DigitalPin(unsigned long volatile&, int, std::__cxx11::basic_string<char, std::char_traits<char>, std::allocator<char> >, int, bool, int)
                0x00000000080031ac                DigitalPin::DigitalPin(unsigned long volatile&, int, std::__cxx11::basic_string<char, std::char_traits<char>, std::allocator<char> >, int, bool, int)
 *fill*         0x0000000008003214        0x4 
 .text._Z16createDigitalPinv
                0x0000000008003218      0x294 ./Core/Src/modules/digitalPin/digitalPin.o
                0x0000000008003218                createDigitalPin()
 .text._ZN6ModuleD2Ev
                0x00000000080034ac        0x2 ./Core/Src/modules/module.o
                0x00000000080034ac                Module::~Module()
                0x00000000080034ac                Module::~Module()
 .text._ZN6Module6updateEv
                0x00000000080034ae        0x2 ./Core/Src/modules/module.o
                0x00000000080034ae                Module::update()
                0x00000000080034ae                Module::handleInterrupt()
                0x00000000080034ae                Module::slowUpdate()
                0x00000000080034ae                Module::configure()
                0x00000000080034ae                Module::updatePost()
 .text._ZN6ModuleD0Ev
                0x00000000080034b0        0xe ./Core/Src/modules/module.o
                0x00000000080034b0                Module::~Module()
 *fill*         0x00000000080034be        0x2 
 .text._ZN6ModuleC2Ev
                0x00000000080034c0       0x24 ./Core/Src/modules/module.o
                0x00000000080034c0                Module::Module()
                0x00000000080034c0                Module::Module()
 .text._ZN6Module9runModuleEv
                0x00000000080034e4       0x26 ./Core/Src/modules/module.o
                0x00000000080034e4                Module::runModule()
 .text._ZN6Module13runModulePostEv
                0x000000000800350a        0x6 ./Core/Src/modules/module.o
                0x000000000800350a                Module::runModulePost()
 .text._ZN15ModuleInterrupt11ISR_HandlerEv
                0x0000000008003510        0x8 ./Core/Src/modules/moduleInterrupt.o
                0x0000000008003510                ModuleInterrupt::ISR_Handler()
 .text._ZN15ModuleInterruptC2EiP6Module
                0x0000000008003518       0x24 ./Core/Src/modules/moduleInterrupt.o
                0x0000000008003518                ModuleInterrupt::ModuleInterrupt(int, Module*)
                0x0000000008003518                ModuleInterrupt::ModuleInterrupt(int, Module*)
 .text._ZN5NVMPG10slowUpdateEv
                0x000000000800353c        0x2 ./Core/Src/modules/nvmpg/nvmpg.o
                0x000000000800353c                NVMPG::slowUpdate()
 .text._ZN5NVMPG9configureEv
                0x000000000800353e        0x8 ./Core/Src/modules/nvmpg/nvmpg.o
                0x000000000800353e                NVMPG::configure()
 .text._ZN5NVMPG6updateEv
                0x0000000008003546       0x76 ./Core/Src/modules/nvmpg/nvmpg.o
                0x0000000008003546                NVMPG::update()
 .text._ZN5NVMPG15handleInterruptEv
                0x00000000080035bc       0x22 ./Core/Src/modules/nvmpg/nvmpg.o
                0x00000000080035bc                NVMPG::handleInterrupt()
 *fill*         0x00000000080035de        0x2 
 .text._ZN5NVMPGD2Ev
                0x00000000080035e0       0x14 ./Core/Src/modules/nvmpg/nvmpg.o
                0x00000000080035e0                NVMPG::~NVMPG()
                0x00000000080035e0                NVMPG::~NVMPG()
 .text._ZN5NVMPGD0Ev
                0x00000000080035f4       0x16 ./Core/Src/modules/nvmpg/nvmpg.o
                0x00000000080035f4                NVMPG::~NVMPG()
 *fill*         0x000000000800360a        0x2 
 .text._ZN5NVMPGC2ERV9mpgData_tRVt
                0x000000000800360c      0x1ac ./Core/Src/modules/nvmpg/nvmpg.o
                0x000000000800360c                NVMPG::NVMPG(mpgData_t volatile&, unsigned short volatile&)
                0x000000000800360c                NVMPG::NVMPG(mpgData_t volatile&, unsigned short volatile&)
 .text._Z11createNVMPGv
                0x00000000080037b8       0x8c ./Core/Src/modules/nvmpg/nvmpg.o
                0x00000000080037b8                createNVMPG()
 .text._ZN10SpindlePWM10slowUpdateEv
                0x0000000008003844        0x2 ./Core/Src/modules/pwm/spindlePwm.o
                0x0000000008003844                SpindlePWM::slowUpdate()
 *fill*         0x0000000008003846        0x2 
 .text._ZN10SpindlePWMD2Ev
                0x0000000008003848       0x14 ./Core/Src/modules/pwm/spindlePwm.o
                0x0000000008003848                SpindlePWM::~SpindlePWM()
                0x0000000008003848                SpindlePWM::~SpindlePWM()
 .text._ZN10SpindlePWMD0Ev
                0x000000000800385c       0x14 ./Core/Src/modules/pwm/spindlePwm.o
                0x000000000800385c                SpindlePWM::~SpindlePWM()
 .text._ZN10SpindlePWM6updateEv
                0x0000000008003870       0x78 ./Core/Src/modules/pwm/spindlePwm.o
                0x0000000008003870                SpindlePWM::update()
 .text._ZN10SpindlePWMC2ERVf
                0x00000000080038e8       0xdc ./Core/Src/modules/pwm/spindlePwm.o
                0x00000000080038e8                SpindlePWM::SpindlePWM(float volatile&)
                0x00000000080038e8                SpindlePWM::SpindlePWM(float volatile&)
 *fill*         0x00000000080039c4        0x4 
 .text._Z16createSpindlePWMv
                0x00000000080039c8      0x148 ./Core/Src/modules/pwm/spindlePwm.o
                0x00000000080039c8                createSpindlePWM()
 .text._ZN7Stepgen10slowUpdateEv
                0x0000000008003b10        0x2 ./Core/Src/modules/stepgen/stepgen.o
                0x0000000008003b10                Stepgen::slowUpdate()
 *fill*         0x0000000008003b12        0x2 
 .text._ZN7StepgenD2Ev
                0x0000000008003b14       0x24 ./Core/Src/modules/stepgen/stepgen.o
                0x0000000008003b14                Stepgen::~Stepgen()
                0x0000000008003b14                Stepgen::~Stepgen()
 .text._ZN7StepgenD0Ev
                0x0000000008003b38       0x14 ./Core/Src/modules/stepgen/stepgen.o
                0x0000000008003b38                Stepgen::~Stepgen()
 .text._ZNSt7__cxx1112basic_stringIcSt11char_traitsIcESaIcEEC2ERKS4_.isra.0
                0x0000000008003b4c       0x4c ./Core/Src/modules/stepgen/stepgen.o
 .text._ZNSt7__cxx1112basic_stringIcSt11char_traitsIcESaIcEEC2EPKcRKS3_.isra.0
                0x0000000008003b98       0x50 ./Core/Src/modules/stepgen/stepgen.o
 .text._ZN7StepgenC2EliNSt7__cxx1112basic_stringIcSt11char_traitsIcESaIcEEES5_iRVlS7_RVh
                0x0000000008003be8       0xbc ./Core/Src/modules/stepgen/stepgen.o
                0x0000000008003be8                Stepgen::Stepgen(long, int, std::__cxx11::basic_string<char, std::char_traits<char>, std::allocator<char> >, std::__cxx11::basic_string<char, std::char_traits<char>, std::allocator<char> >, int, long volatile&, long volatile&, unsigned char volatile&)
                0x0000000008003be8                Stepgen::Stepgen(long, int, std::__cxx11::basic_string<char, std::char_traits<char>, std::allocator<char> >, std::__cxx11::basic_string<char, std::char_traits<char>, std::allocator<char> >, int, long volatile&, long volatile&, unsigned char volatile&)
 .text._ZN7Stepgen10makePulsesEv
                0x0000000008003ca4       0x84 ./Core/Src/modules/stepgen/stepgen.o
                0x0000000008003ca4                Stepgen::makePulses()
 .text._ZN7Stepgen6updateEv
                0x0000000008003d28        0x4 ./Core/Src/modules/stepgen/stepgen.o
                0x0000000008003d28                Stepgen::update()
 .text._ZN7Stepgen10stopPulsesEv
                0x0000000008003d2c       0x18 ./Core/Src/modules/stepgen/stepgen.o
                0x0000000008003d2c                Stepgen::stopPulses()
 .text._ZN7Stepgen10updatePostEv
                0x0000000008003d44        0x4 ./Core/Src/modules/stepgen/stepgen.o
                0x0000000008003d44                Stepgen::updatePost()
 .text._Z13createStepgenv
                0x0000000008003d48      0x1d8 ./Core/Src/modules/stepgen/stepgen.o
                0x0000000008003d48                createStepgen()
 .text._ZN9pruThreadC2EP11TIM_TypeDef9IRQn_Typem
                0x0000000008003f20       0x2c ./Core/Src/thread/pruThread.o
                0x0000000008003f20                pruThread::pruThread(TIM_TypeDef*, IRQn_Type, unsigned long)
                0x0000000008003f20                pruThread::pruThread(TIM_TypeDef*, IRQn_Type, unsigned long)
 .text._ZN9pruThread11startThreadEv
                0x0000000008003f4c       0x20 ./Core/Src/thread/pruThread.o
                0x0000000008003f4c                pruThread::startThread()
 .text._ZN9pruThread3runEv
                0x0000000008003f6c       0x3a ./Core/Src/thread/pruThread.o
                0x0000000008003f6c                pruThread::run()
 *fill*         0x0000000008003fa6        0x2 
 .text._ZNSt6vectorIP6ModuleSaIS1_EE17_M_realloc_insertIJRKS1_EEEvN9__gnu_cxx17__normal_iteratorIPS1_S3_EEDpOT_
                0x0000000008003fa8       0xa0 ./Core/Src/thread/pruThread.o
                0x0000000008003fa8                void std::vector<Module*, std::allocator<Module*> >::_M_realloc_insert<Module* const&>(__gnu_cxx::__normal_iterator<Module**, std::vector<Module*, std::allocator<Module*> > >, Module* const&)
 .text._ZNSt6vectorIP6ModuleSaIS1_EE9push_backERKS1_
                0x0000000008004048       0x1c ./Core/Src/thread/pruThread.o
                0x0000000008004048                std::vector<Module*, std::allocator<Module*> >::push_back(Module* const&)
 .text._ZN9pruThread14registerModuleEP6Module
                0x0000000008004064       0x12 ./Core/Src/thread/pruThread.o
                0x0000000008004064                pruThread::registerModule(Module*)
 .text._ZN9pruThread18registerModulePostEP6Module
                0x0000000008004076       0x16 ./Core/Src/thread/pruThread.o
                0x0000000008004076                pruThread::registerModulePost(Module*)
 .text._ZN8pruTimer9timerTickEv
                0x000000000800408c        0x6 ./Core/Src/thread/timer.o
                0x000000000800408c                pruTimer::timerTick()
 *fill*         0x0000000008004092        0x2 
 .text._ZN8pruTimer10startTimerEv
                0x0000000008004094       0xb8 ./Core/Src/thread/timer.o
                0x0000000008004094                pruTimer::startTimer()
 .text._ZN8pruTimerC2EP11TIM_TypeDef9IRQn_TypemP9pruThread
                0x000000000800414c       0x2c ./Core/Src/thread/timer.o
                0x000000000800414c                pruTimer::pruTimer(TIM_TypeDef*, IRQn_Type, unsigned long, pruThread*)
                0x000000000800414c                pruTimer::pruTimer(TIM_TypeDef*, IRQn_Type, unsigned long, pruThread*)
 .text._ZN14TimerInterrupt11ISR_HandlerEv
                0x0000000008004178        0x6 ./Core/Src/thread/timerInterrupt.o
                0x0000000008004178                TimerInterrupt::ISR_Handler()
 *fill*         0x000000000800417e        0x2 
 .text._ZN14TimerInterruptC2EiP8pruTimer
                0x0000000008004180       0x24 ./Core/Src/thread/timerInterrupt.o
                0x0000000008004180                TimerInterrupt::TimerInterrupt(int, pruTimer*)
                0x0000000008004180                TimerInterrupt::TimerInterrupt(int, pruTimer*)
 .text.Reset_Handler
                0x00000000080041a4       0x50 ./Core/Startup/startup_stm32f207vctx.o
                0x00000000080041a4                Reset_Handler
 .text.Default_Handler
                0x00000000080041f4        0x2 ./Core/Startup/startup_stm32f207vctx.o
                0x00000000080041f4                RTC_Alarm_IRQHandler
                0x00000000080041f4                HASH_RNG_IRQHandler
                0x00000000080041f4                EXTI2_IRQHandler
                0x00000000080041f4                TIM8_CC_IRQHandler
                0x00000000080041f4                TIM1_CC_IRQHandler
                0x00000000080041f4                DMA2_Stream5_IRQHandler
                0x00000000080041f4                DMA1_Stream5_IRQHandler
                0x00000000080041f4                PVD_IRQHandler
                0x00000000080041f4                SDIO_IRQHandler
                0x00000000080041f4                TAMP_STAMP_IRQHandler
                0x00000000080041f4                CAN2_RX1_IRQHandler
                0x00000000080041f4                EXTI3_IRQHandler
                0x00000000080041f4                TIM8_TRG_COM_TIM14_IRQHandler
                0x00000000080041f4                TIM8_UP_TIM13_IRQHandler
                0x00000000080041f4                I2C3_ER_IRQHandler
                0x00000000080041f4                EXTI0_IRQHandler
                0x00000000080041f4                I2C2_EV_IRQHandler
                0x00000000080041f4                DMA1_Stream2_IRQHandler
                0x00000000080041f4                CAN1_RX0_IRQHandler
                0x00000000080041f4                OTG_HS_WKUP_IRQHandler
                0x00000000080041f4                CAN2_SCE_IRQHandler
                0x00000000080041f4                SPI1_IRQHandler
                0x00000000080041f4                TIM6_DAC_IRQHandler
                0x00000000080041f4                TIM1_BRK_TIM9_IRQHandler
                0x00000000080041f4                DCMI_IRQHandler
                0x00000000080041f4                CAN2_RX0_IRQHandler
                0x00000000080041f4                DMA2_Stream3_IRQHandler
                0x00000000080041f4                USART6_IRQHandler
                0x00000000080041f4                USART3_IRQHandler
                0x00000000080041f4                CAN1_RX1_IRQHandler
                0x00000000080041f4                UART5_IRQHandler
                0x00000000080041f4                DMA2_Stream0_IRQHandler
                0x00000000080041f4                TIM4_IRQHandler
                0x00000000080041f4                I2C1_EV_IRQHandler
                0x00000000080041f4                DMA1_Stream6_IRQHandler
                0x00000000080041f4                DMA1_Stream1_IRQHandler
                0x00000000080041f4                UART4_IRQHandler
                0x00000000080041f4                TIM3_IRQHandler
                0x00000000080041f4                RCC_IRQHandler
                0x00000000080041f4                TIM8_BRK_TIM12_IRQHandler
                0x00000000080041f4                Default_Handler
                0x00000000080041f4                EXTI15_10_IRQHandler
                0x00000000080041f4                ADC_IRQHandler
                0x00000000080041f4                DMA1_Stream7_IRQHandler
                0x00000000080041f4                TIM7_IRQHandler
                0x00000000080041f4                CAN2_TX_IRQHandler
                0x00000000080041f4                TIM5_IRQHandler
                0x00000000080041f4                DMA2_Stream7_IRQHandler
                0x00000000080041f4                I2C3_EV_IRQHandler
                0x00000000080041f4                EXTI9_5_IRQHandler
                0x00000000080041f4                RTC_WKUP_IRQHandler
                0x00000000080041f4                ETH_WKUP_IRQHandler
                0x00000000080041f4                SPI2_IRQHandler
                0x00000000080041f4                OTG_HS_EP1_IN_IRQHandler
                0x00000000080041f4                DMA1_Stream0_IRQHandler
                0x00000000080041f4                CAN1_TX_IRQHandler
                0x00000000080041f4                EXTI4_IRQHandler
                0x00000000080041f4                FSMC_IRQHandler
                0x00000000080041f4                ETH_IRQHandler
                0x00000000080041f4                OTG_HS_EP1_OUT_IRQHandler
                0x00000000080041f4                WWDG_IRQHandler
                0x00000000080041f4                OTG_FS_WKUP_IRQHandler
                0x00000000080041f4                TIM1_TRG_COM_TIM11_IRQHandler
                0x00000000080041f4                OTG_HS_IRQHandler
                0x00000000080041f4                EXTI1_IRQHandler
                0x00000000080041f4                USART2_IRQHandler
                0x00000000080041f4                I2C2_ER_IRQHandler
                0x00000000080041f4                DMA2_Stream1_IRQHandler
                0x00000000080041f4                CAN1_SCE_IRQHandler
                0x00000000080041f4                FLASH_IRQHandler
                0x00000000080041f4                DMA2_Stream4_IRQHandler
                0x00000000080041f4                USART1_IRQHandler
                0x00000000080041f4                OTG_FS_IRQHandler
                0x00000000080041f4                SPI3_IRQHandler
                0x00000000080041f4                DMA1_Stream4_IRQHandler
                0x00000000080041f4                I2C1_ER_IRQHandler
                0x00000000080041f4                DMA2_Stream6_IRQHandler
                0x00000000080041f4                DMA1_Stream3_IRQHandler
 *fill*         0x00000000080041f6        0x2 
 .text.HAL_InitTick
                0x00000000080041f8       0x48 ./Drivers/STM32F2xx_HAL_Driver/Src/stm32f2xx_hal.o
                0x00000000080041f8                HAL_InitTick
 .text.HAL_Init
                0x0000000008004240       0x34 ./Drivers/STM32F2xx_HAL_Driver/Src/stm32f2xx_hal.o
                0x0000000008004240                HAL_Init
 .text.HAL_IncTick
                0x0000000008004274       0x18 ./Drivers/STM32F2xx_HAL_Driver/Src/stm32f2xx_hal.o
                0x0000000008004274                HAL_IncTick
 .text.HAL_GetTick
                0x000000000800428c        0xc ./Drivers/STM32F2xx_HAL_Driver/Src/stm32f2xx_hal.o
                0x000000000800428c                HAL_GetTick
 .text.HAL_Delay
                0x0000000008004298       0x28 ./Drivers/STM32F2xx_HAL_Driver/Src/stm32f2xx_hal.o
                0x0000000008004298                HAL_Delay
 .text.HAL_NVIC_SetPriorityGrouping
                0x00000000080042c0       0x24 ./Drivers/STM32F2xx_HAL_Driver/Src/stm32f2xx_hal_cortex.o
                0x00000000080042c0                HAL_NVIC_SetPriorityGrouping
 .text.HAL_NVIC_SetPriority
                0x00000000080042e4       0x64 ./Drivers/STM32F2xx_HAL_Driver/Src/stm32f2xx_hal_cortex.o
                0x00000000080042e4                HAL_NVIC_SetPriority
 .text.HAL_NVIC_EnableIRQ
                0x0000000008004348       0x1c ./Drivers/STM32F2xx_HAL_Driver/Src/stm32f2xx_hal_cortex.o
                0x0000000008004348                HAL_NVIC_EnableIRQ
 .text.HAL_NVIC_SystemReset
                0x0000000008004364       0x24 ./Drivers/STM32F2xx_HAL_Driver/Src/stm32f2xx_hal_cortex.o
                0x0000000008004364                HAL_NVIC_SystemReset
 .text.HAL_SYSTICK_Config
                0x0000000008004388       0x28 ./Drivers/STM32F2xx_HAL_Driver/Src/stm32f2xx_hal_cortex.o
                0x0000000008004388                HAL_SYSTICK_Config
 .text.DMA_CalcBaseAndBitshift
                0x00000000080043b0       0x2c ./Drivers/STM32F2xx_HAL_Driver/Src/stm32f2xx_hal_dma.o
 .text.HAL_DMA_Init
                0x00000000080043dc       0xfc ./Drivers/STM32F2xx_HAL_Driver/Src/stm32f2xx_hal_dma.o
                0x00000000080043dc                HAL_DMA_Init
 .text.HAL_DMA_Start_IT
                0x00000000080044d8       0x74 ./Drivers/STM32F2xx_HAL_Driver/Src/stm32f2xx_hal_dma.o
                0x00000000080044d8                HAL_DMA_Start_IT
 .text.HAL_DMA_IRQHandler
                0x000000000800454c      0x17c ./Drivers/STM32F2xx_HAL_Driver/Src/stm32f2xx_hal_dma.o
                0x000000000800454c                HAL_DMA_IRQHandler
 .text.ETH_Delay.constprop.0
                0x00000000080046c8       0x24 ./Drivers/STM32F2xx_HAL_Driver/Src/stm32f2xx_hal_eth.o
 .text.ETH_FlushTransmitFIFO
                0x00000000080046ec       0x2c ./Drivers/STM32F2xx_HAL_Driver/Src/stm32f2xx_hal_eth.o
 .text.ETH_MACDMAConfig
                0x0000000008004718       0xec ./Drivers/STM32F2xx_HAL_Driver/Src/stm32f2xx_hal_eth.o
 .text.HAL_ETH_DMATxDescListInit
                0x0000000008004804       0x7a ./Drivers/STM32F2xx_HAL_Driver/Src/stm32f2xx_hal_eth.o
                0x0000000008004804                HAL_ETH_DMATxDescListInit
 .text.HAL_ETH_DMARxDescListInit
                0x000000000800487e       0x76 ./Drivers/STM32F2xx_HAL_Driver/Src/stm32f2xx_hal_eth.o
                0x000000000800487e                HAL_ETH_DMARxDescListInit
 .text.HAL_ETH_TransmitFrame
                0x00000000080048f4       0xe8 ./Drivers/STM32F2xx_HAL_Driver/Src/stm32f2xx_hal_eth.o
                0x00000000080048f4                HAL_ETH_TransmitFrame
 .text.HAL_ETH_GetReceivedFrame
                0x00000000080049dc       0x7e ./Drivers/STM32F2xx_HAL_Driver/Src/stm32f2xx_hal_eth.o
                0x00000000080049dc                HAL_ETH_GetReceivedFrame
 .text.HAL_ETH_ReadPHYRegister
                0x0000000008004a5a       0x74 ./Drivers/STM32F2xx_HAL_Driver/Src/stm32f2xx_hal_eth.o
                0x0000000008004a5a                HAL_ETH_ReadPHYRegister
 .text.HAL_ETH_WritePHYRegister
                0x0000000008004ace       0x6e ./Drivers/STM32F2xx_HAL_Driver/Src/stm32f2xx_hal_eth.o
                0x0000000008004ace                HAL_ETH_WritePHYRegister
 .text.HAL_ETH_Init
                0x0000000008004b3c      0x1e4 ./Drivers/STM32F2xx_HAL_Driver/Src/stm32f2xx_hal_eth.o
                0x0000000008004b3c                HAL_ETH_Init
 .text.HAL_ETH_Start
                0x0000000008004d20       0x72 ./Drivers/STM32F2xx_HAL_Driver/Src/stm32f2xx_hal_eth.o
                0x0000000008004d20                HAL_ETH_Start
 .text.HAL_ETH_Stop
                0x0000000008004d92       0x72 ./Drivers/STM32F2xx_HAL_Driver/Src/stm32f2xx_hal_eth.o
                0x0000000008004d92                HAL_ETH_Stop
 .text.HAL_ETH_ConfigMAC
                0x0000000008004e04      0x118 ./Drivers/STM32F2xx_HAL_Driver/Src/stm32f2xx_hal_eth.o
                0x0000000008004e04                HAL_ETH_ConfigMAC
 .text.FLASH_Program_DoubleWord
                0x0000000008004f1c       0x2c ./Drivers/STM32F2xx_HAL_Driver/Src/stm32f2xx_hal_flash.o
 .text.FLASH_Program_Word
                0x0000000008004f48       0x24 ./Drivers/STM32F2xx_HAL_Driver/Src/stm32f2xx_hal_flash.o
 .text.FLASH_Program_HalfWord
                0x0000000008004f6c       0x24 ./Drivers/STM32F2xx_HAL_Driver/Src/stm32f2xx_hal_flash.o
 .text.FLASH_SetErrorCode
                0x0000000008004f90       0x74 ./Drivers/STM32F2xx_HAL_Driver/Src/stm32f2xx_hal_flash.o
 .text.HAL_FLASH_Unlock
                0x0000000008005004       0x24 ./Drivers/STM32F2xx_HAL_Driver/Src/stm32f2xx_hal_flash.o
                0x0000000008005004                HAL_FLASH_Unlock
 .text.FLASH_WaitForLastOperation
                0x0000000008005028       0x50 ./Drivers/STM32F2xx_HAL_Driver/Src/stm32f2xx_hal_flash.o
                0x0000000008005028                FLASH_WaitForLastOperation
 .text.HAL_FLASH_Program
                0x0000000008005078       0x8c ./Drivers/STM32F2xx_HAL_Driver/Src/stm32f2xx_hal_flash.o
                0x0000000008005078                HAL_FLASH_Program
 .text.FLASH_MassErase.constprop.0
                0x0000000008005104       0x24 ./Drivers/STM32F2xx_HAL_Driver/Src/stm32f2xx_hal_flash_ex.o
 .text.FLASH_Erase_Sector
                0x0000000008005128       0x54 ./Drivers/STM32F2xx_HAL_Driver/Src/stm32f2xx_hal_flash_ex.o
                0x0000000008005128                FLASH_Erase_Sector
 .text.FLASH_FlushCaches
                0x000000000800517c       0x58 ./Drivers/STM32F2xx_HAL_Driver/Src/stm32f2xx_hal_flash_ex.o
                0x000000000800517c                FLASH_FlushCaches
 .text.HAL_FLASHEx_Erase
                0x00000000080051d4       0xa0 ./Drivers/STM32F2xx_HAL_Driver/Src/stm32f2xx_hal_flash_ex.o
                0x00000000080051d4                HAL_FLASHEx_Erase
 .text.HAL_GPIO_Init
                0x0000000008005274      0x1c8 ./Drivers/STM32F2xx_HAL_Driver/Src/stm32f2xx_hal_gpio.o
                0x0000000008005274                HAL_GPIO_Init
 .text.HAL_GPIO_ReadPin
                0x000000000800543c        0xc ./Drivers/STM32F2xx_HAL_Driver/Src/stm32f2xx_hal_gpio.o
                0x000000000800543c                HAL_GPIO_ReadPin
 .text.HAL_GPIO_WritePin
                0x0000000008005448        0xa ./Drivers/STM32F2xx_HAL_Driver/Src/stm32f2xx_hal_gpio.o
                0x0000000008005448                HAL_GPIO_WritePin
 *fill*         0x0000000008005452        0x2 
 .text.HAL_RCC_OscConfig
                0x0000000008005454      0x320 ./Drivers/STM32F2xx_HAL_Driver/Src/stm32f2xx_hal_rcc.o
                0x0000000008005454                HAL_RCC_OscConfig
 .text.HAL_RCC_GetSysClockFreq
                0x0000000008005774       0x5c ./Drivers/STM32F2xx_HAL_Driver/Src/stm32f2xx_hal_rcc.o
                0x0000000008005774                HAL_RCC_GetSysClockFreq
 .text.HAL_RCC_ClockConfig
                0x00000000080057d0      0x140 ./Drivers/STM32F2xx_HAL_Driver/Src/stm32f2xx_hal_rcc.o
                0x00000000080057d0                HAL_RCC_ClockConfig
 .text.HAL_RCC_GetHCLKFreq
                0x0000000008005910        0xc ./Drivers/STM32F2xx_HAL_Driver/Src/stm32f2xx_hal_rcc.o
                0x0000000008005910                HAL_RCC_GetHCLKFreq
 .text.HAL_RCC_GetPCLK1Freq
                0x000000000800591c       0x30 ./Drivers/STM32F2xx_HAL_Driver/Src/stm32f2xx_hal_rcc.o
                0x000000000800591c                HAL_RCC_GetPCLK1Freq
 .text.HAL_RCC_GetPCLK2Freq
                0x000000000800594c       0x30 ./Drivers/STM32F2xx_HAL_Driver/Src/stm32f2xx_hal_rcc.o
                0x000000000800594c                HAL_RCC_GetPCLK2Freq
 .text.TIM_OC1_SetConfig
                0x000000000800597c       0x64 ./Drivers/STM32F2xx_HAL_Driver/Src/stm32f2xx_hal_tim.o
 .text.TIM_OC3_SetConfig
                0x00000000080059e0       0x6c ./Drivers/STM32F2xx_HAL_Driver/Src/stm32f2xx_hal_tim.o
 .text.TIM_OC4_SetConfig
                0x0000000008005a4c       0x4c ./Drivers/STM32F2xx_HAL_Driver/Src/stm32f2xx_hal_tim.o
 .text.TIM_Base_SetConfig
                0x0000000008005a98       0xcc ./Drivers/STM32F2xx_HAL_Driver/Src/stm32f2xx_hal_tim.o
                0x0000000008005a98                TIM_Base_SetConfig
 .text.HAL_TIM_PWM_Init
                0x0000000008005b64       0x58 ./Drivers/STM32F2xx_HAL_Driver/Src/stm32f2xx_hal_tim.o
                0x0000000008005b64                HAL_TIM_PWM_Init
 .text.TIM_OC2_SetConfig
                0x0000000008005bbc       0x6c ./Drivers/STM32F2xx_HAL_Driver/Src/stm32f2xx_hal_tim.o
                0x0000000008005bbc                TIM_OC2_SetConfig
 .text.HAL_TIM_PWM_ConfigChannel
                0x0000000008005c28       0xb6 ./Drivers/STM32F2xx_HAL_Driver/Src/stm32f2xx_hal_tim.o
                0x0000000008005c28                HAL_TIM_PWM_ConfigChannel
 .text.TIM_CCxChannelCmd
                0x0000000008005cde       0x1c ./Drivers/STM32F2xx_HAL_Driver/Src/stm32f2xx_hal_tim.o
                0x0000000008005cde                TIM_CCxChannelCmd
 *fill*         0x0000000008005cfa        0x2 
 .text.HAL_TIM_OC_Start
                0x0000000008005cfc       0xd0 ./Drivers/STM32F2xx_HAL_Driver/Src/stm32f2xx_hal_tim.o
                0x0000000008005cfc                HAL_TIM_OC_Start
 .text.HAL_TIM_PWM_Start
                0x0000000008005dcc        0x4 ./Drivers/STM32F2xx_HAL_Driver/Src/stm32f2xx_hal_tim.o
                0x0000000008005dcc                HAL_TIM_PWM_Start
 .text.HAL_TIMEx_MasterConfigSynchronization
                0x0000000008005dd0       0x7c ./Drivers/STM32F2xx_HAL_Driver/Src/stm32f2xx_hal_tim_ex.o
                0x0000000008005dd0                HAL_TIMEx_MasterConfigSynchronization
 .text.UART_EndRxTransfer
                0x0000000008005e4c       0x2c ./Drivers/STM32F2xx_HAL_Driver/Src/stm32f2xx_hal_uart.o
 .text.UART_SetConfig
                0x0000000008005e78       0xb0 ./Drivers/STM32F2xx_HAL_Driver/Src/stm32f2xx_hal_uart.o
 .text.UART_WaitOnFlagUntilTimeout.constprop.0
                0x0000000008005f28       0x50 ./Drivers/STM32F2xx_HAL_Driver/Src/stm32f2xx_hal_uart.o
 .text.HAL_UART_Init
                0x0000000008005f78       0x5c ./Drivers/STM32F2xx_HAL_Driver/Src/stm32f2xx_hal_uart.o
                0x0000000008005f78                HAL_UART_Init
 .text.HAL_UART_Transmit
                0x0000000008005fd4       0xaa ./Drivers/STM32F2xx_HAL_Driver/Src/stm32f2xx_hal_uart.o
                0x0000000008005fd4                HAL_UART_Transmit
 *fill*         0x000000000800607e        0x2 
 .text.HAL_UART_Transmit_DMA
                0x0000000008006080       0x74 ./Drivers/STM32F2xx_HAL_Driver/Src/stm32f2xx_hal_uart.o
                0x0000000008006080                HAL_UART_Transmit_DMA
 .text.HAL_UART_TxCpltCallback
                0x00000000080060f4        0x2 ./Drivers/STM32F2xx_HAL_Driver/Src/stm32f2xx_hal_uart.o
                0x00000000080060f4                HAL_UART_TxCpltCallback
 .text.UART_DMATransmitCplt
                0x00000000080060f6       0x2c ./Drivers/STM32F2xx_HAL_Driver/Src/stm32f2xx_hal_uart.o
 .text.HAL_UART_TxHalfCpltCallback
                0x0000000008006122        0x2 ./Drivers/STM32F2xx_HAL_Driver/Src/stm32f2xx_hal_uart.o
                0x0000000008006122                HAL_UART_TxHalfCpltCallback
 .text.UART_DMATxHalfCplt
                0x0000000008006124        0xa ./Drivers/STM32F2xx_HAL_Driver/Src/stm32f2xx_hal_uart.o
 .text.HAL_UART_RxCpltCallback
                0x000000000800612e        0x2 ./Drivers/STM32F2xx_HAL_Driver/Src/stm32f2xx_hal_uart.o
                0x000000000800612e                HAL_UART_RxCpltCallback
 .text.HAL_UART_RxHalfCpltCallback
                0x0000000008006130        0x2 ./Drivers/STM32F2xx_HAL_Driver/Src/stm32f2xx_hal_uart.o
                0x0000000008006130                HAL_UART_RxHalfCpltCallback
 .text.HAL_UART_ErrorCallback
                0x0000000008006132        0x2 ./Drivers/STM32F2xx_HAL_Driver/Src/stm32f2xx_hal_uart.o
                0x0000000008006132                HAL_UART_ErrorCallback
 .text.UART_DMAError
                0x0000000008006134       0x4a ./Drivers/STM32F2xx_HAL_Driver/Src/stm32f2xx_hal_uart.o
 .text.HAL_UARTEx_RxEventCallback
                0x000000000800617e        0x2 ./Drivers/STM32F2xx_HAL_Driver/Src/stm32f2xx_hal_uart.o
                0x000000000800617e                HAL_UARTEx_RxEventCallback
 .text.UART_DMARxHalfCplt
                0x0000000008006180       0x1a ./Drivers/STM32F2xx_HAL_Driver/Src/stm32f2xx_hal_uart.o
 .text.UART_DMAReceiveCplt
                0x000000000800619a       0x54 ./Drivers/STM32F2xx_HAL_Driver/Src/stm32f2xx_hal_uart.o
 *fill*         0x00000000080061ee        0x2 
 .text.UART_Start_Receive_DMA
                0x00000000080061f0       0x6c ./Drivers/STM32F2xx_HAL_Driver/Src/stm32f2xx_hal_uart.o
                0x00000000080061f0                UART_Start_Receive_DMA
 .text.HAL_UART_Receive_DMA
                0x000000000800625c       0x30 ./Drivers/STM32F2xx_HAL_Driver/Src/stm32f2xx_hal_uart.o
                0x000000000800625c                HAL_UART_Receive_DMA
 .text.MX_LWIP_Init
                0x000000000800628c       0xa4 ./LWIP/App/lwip.o
                0x000000000800628c                MX_LWIP_Init
 .text.low_level_output
                0x0000000008006330       0x9c ./LWIP/Target/ethernetif.o
 .text.HAL_ETH_MspInit
                0x00000000080063cc       0xec ./LWIP/Target/ethernetif.o
                0x00000000080063cc                HAL_ETH_MspInit
 .text.ethernetif_input
                0x00000000080064b8       0xd8 ./LWIP/Target/ethernetif.o
                0x00000000080064b8                ethernetif_input
 .text.ethernetif_init
                0x0000000008006590      0x130 ./LWIP/Target/ethernetif.o
                0x0000000008006590                ethernetif_init
 .text.sys_now  0x00000000080066c0        0x4 ./LWIP/Target/ethernetif.o
                0x00000000080066c0                sys_now
 .text.ethernetif_notify_conn_changed
                0x00000000080066c4        0x2 ./LWIP/Target/ethernetif.o
                0x00000000080066c4                ethernetif_notify_conn_changed
 *fill*         0x00000000080066c6        0x2 
 .text.ethernetif_update_config
                0x00000000080066c8       0xa8 ./LWIP/Target/ethernetif.o
                0x00000000080066c8                ethernetif_update_config
 .text.lwip_htons
                0x0000000008006770        0x6 ./Middlewares/Third_Party/LwIP/src/core/def.o
                0x0000000008006770                lwip_htons
 .text.lwip_htonl
                0x0000000008006776        0x4 ./Middlewares/Third_Party/LwIP/src/core/def.o
                0x0000000008006776                lwip_htonl
 .text.lwip_init
                0x000000000800677a       0x1e ./Middlewares/Third_Party/LwIP/src/core/init.o
                0x000000000800677a                lwip_init
 .text.mem_init
                0x0000000008006798       0x44 ./Middlewares/Third_Party/LwIP/src/core/mem.o
                0x0000000008006798                mem_init
 .text.mem_free
                0x00000000080067dc      0x154 ./Middlewares/Third_Party/LwIP/src/core/mem.o
                0x00000000080067dc                mem_free
 .text.mem_trim
                0x0000000008006930       0xf4 ./Middlewares/Third_Party/LwIP/src/core/mem.o
                0x0000000008006930                mem_trim
 .text.mem_malloc
                0x0000000008006a24      0x11c ./Middlewares/Third_Party/LwIP/src/core/mem.o
                0x0000000008006a24                mem_malloc
 .text.do_memp_free_pool
                0x0000000008006b40       0x30 ./Middlewares/Third_Party/LwIP/src/core/memp.o
 .text.do_memp_malloc_pool.isra.0
                0x0000000008006b70       0x2c ./Middlewares/Third_Party/LwIP/src/core/memp.o
 .text.memp_init_pool
                0x0000000008006b9c       0x26 ./Middlewares/Third_Party/LwIP/src/core/memp.o
                0x0000000008006b9c                memp_init_pool
 *fill*         0x0000000008006bc2        0x2 
 .text.memp_init
                0x0000000008006bc4       0x1c ./Middlewares/Third_Party/LwIP/src/core/memp.o
                0x0000000008006bc4                memp_init
 .text.memp_malloc
                0x0000000008006be0       0x38 ./Middlewares/Third_Party/LwIP/src/core/memp.o
                0x0000000008006be0                memp_malloc
 .text.memp_free
                0x0000000008006c18       0x30 ./Middlewares/Third_Party/LwIP/src/core/memp.o
                0x0000000008006c18                memp_free
 .text.netif_issue_reports
                0x0000000008006c48       0x16 ./Middlewares/Third_Party/LwIP/src/core/netif.o
 .text.netif_init
                0x0000000008006c5e        0x2 ./Middlewares/Third_Party/LwIP/src/core/netif.o
                0x0000000008006c5e                netif_init
 .text.netif_set_ipaddr
                0x0000000008006c60       0x44 ./Middlewares/Third_Party/LwIP/src/core/netif.o
                0x0000000008006c60                netif_set_ipaddr
 .text.netif_set_addr
                0x0000000008006ca4       0x38 ./Middlewares/Third_Party/LwIP/src/core/netif.o
                0x0000000008006ca4                netif_set_addr
 .text.netif_add
                0x0000000008006cdc       0x84 ./Middlewares/Third_Party/LwIP/src/core/netif.o
                0x0000000008006cdc                netif_add
 .text.netif_set_default
                0x0000000008006d60        0xc ./Middlewares/Third_Party/LwIP/src/core/netif.o
                0x0000000008006d60                netif_set_default
 .text.netif_set_up
                0x0000000008006d6c       0x1c ./Middlewares/Third_Party/LwIP/src/core/netif.o
                0x0000000008006d6c                netif_set_up
 .text.netif_set_down
                0x0000000008006d88       0x1a ./Middlewares/Third_Party/LwIP/src/core/netif.o
                0x0000000008006d88                netif_set_down
 .text.netif_set_link_callback
                0x0000000008006da2        0x6 ./Middlewares/Third_Party/LwIP/src/core/netif.o
                0x0000000008006da2                netif_set_link_callback
 .text.pbuf_header_impl
                0x0000000008006da8       0x9c ./Middlewares/Third_Party/LwIP/src/core/pbuf.o
 .text.pbuf_free_ooseq
                0x0000000008006e44       0x28 ./Middlewares/Third_Party/LwIP/src/core/pbuf.o
                0x0000000008006e44                pbuf_free_ooseq
 .text.pbuf_alloced_custom
                0x0000000008006e6c       0x60 ./Middlewares/Third_Party/LwIP/src/core/pbuf.o
                0x0000000008006e6c                pbuf_alloced_custom
 .text.pbuf_header
                0x0000000008006ecc        0x6 ./Middlewares/Third_Party/LwIP/src/core/pbuf.o
                0x0000000008006ecc                pbuf_header
 .text.pbuf_header_force
                0x0000000008006ed2        0x6 ./Middlewares/Third_Party/LwIP/src/core/pbuf.o
                0x0000000008006ed2                pbuf_header_force
 .text.pbuf_free
                0x0000000008006ed8       0xc8 ./Middlewares/Third_Party/LwIP/src/core/pbuf.o
                0x0000000008006ed8                pbuf_free
 .text.pbuf_alloc
                0x0000000008006fa0      0x1ac ./Middlewares/Third_Party/LwIP/src/core/pbuf.o
                0x0000000008006fa0                pbuf_alloc
 .text.pbuf_realloc
                0x000000000800714c       0xe0 ./Middlewares/Third_Party/LwIP/src/core/pbuf.o
                0x000000000800714c                pbuf_realloc
 .text.pbuf_clen
                0x000000000800722c       0x10 ./Middlewares/Third_Party/LwIP/src/core/pbuf.o
                0x000000000800722c                pbuf_clen
 .text.pbuf_ref
                0x000000000800723c       0x28 ./Middlewares/Third_Party/LwIP/src/core/pbuf.o
                0x000000000800723c                pbuf_ref
 .text.pbuf_cat
                0x0000000008007264       0x74 ./Middlewares/Third_Party/LwIP/src/core/pbuf.o
                0x0000000008007264                pbuf_cat
 .text.pbuf_chain
                0x00000000080072d8       0x12 ./Middlewares/Third_Party/LwIP/src/core/pbuf.o
                0x00000000080072d8                pbuf_chain
 *fill*         0x00000000080072ea        0x2 
 .text.pbuf_copy
                0x00000000080072ec      0x10c ./Middlewares/Third_Party/LwIP/src/core/pbuf.o
                0x00000000080072ec                pbuf_copy
 .text.pbuf_copy_partial
                0x00000000080073f8       0x8c ./Middlewares/Third_Party/LwIP/src/core/pbuf.o
                0x00000000080073f8                pbuf_copy_partial
 .text.pbuf_take
                0x0000000008007484       0xc4 ./Middlewares/Third_Party/LwIP/src/core/pbuf.o
                0x0000000008007484                pbuf_take
 .text.tcp_close_shutdown_fin
                0x0000000008007548       0x60 ./Middlewares/Third_Party/LwIP/src/core/tcp.o
 .text.tcp_init
                0x00000000080075a8        0x2 ./Middlewares/Third_Party/LwIP/src/core/tcp.o
                0x00000000080075a8                tcp_init
 *fill*         0x00000000080075aa        0x2 
 .text.tcp_update_rcv_ann_wnd
                0x00000000080075ac       0x5c ./Middlewares/Third_Party/LwIP/src/core/tcp.o
                0x00000000080075ac                tcp_update_rcv_ann_wnd
 .text.tcp_recved
                0x0000000008007608       0x7c ./Middlewares/Third_Party/LwIP/src/core/tcp.o
                0x0000000008007608                tcp_recved
 .text.tcp_seg_free
                0x0000000008007684       0x1c ./Middlewares/Third_Party/LwIP/src/core/tcp.o
                0x0000000008007684                tcp_seg_free
 .text.tcp_segs_free
                0x00000000080076a0       0x10 ./Middlewares/Third_Party/LwIP/src/core/tcp.o
                0x00000000080076a0                tcp_segs_free
 .text.tcp_seg_copy
                0x00000000080076b0       0x2c ./Middlewares/Third_Party/LwIP/src/core/tcp.o
                0x00000000080076b0                tcp_seg_copy
 .text.tcp_pcb_purge
                0x00000000080076dc       0x40 ./Middlewares/Third_Party/LwIP/src/core/tcp.o
                0x00000000080076dc                tcp_pcb_purge
 .text.tcp_slowtmr
                0x000000000800771c      0x3c4 ./Middlewares/Third_Party/LwIP/src/core/tcp.o
                0x000000000800771c                tcp_slowtmr
 .text.tcp_pcb_remove
                0x0000000008007ae0       0xa4 ./Middlewares/Third_Party/LwIP/src/core/tcp.o
                0x0000000008007ae0                tcp_pcb_remove
 .text.tcp_close_shutdown
                0x0000000008007b84      0x14c ./Middlewares/Third_Party/LwIP/src/core/tcp.o
 .text.tcp_close
                0x0000000008007cd0       0x14 ./Middlewares/Third_Party/LwIP/src/core/tcp.o
                0x0000000008007cd0                tcp_close
 .text.tcp_recv_null
                0x0000000008007ce4       0x24 ./Middlewares/Third_Party/LwIP/src/core/tcp.o
                0x0000000008007ce4                tcp_recv_null
 .text.tcp_process_refused_data
                0x0000000008007d08       0x64 ./Middlewares/Third_Party/LwIP/src/core/tcp.o
                0x0000000008007d08                tcp_process_refused_data
 .text.tcp_fasttmr
                0x0000000008007d6c       0x80 ./Middlewares/Third_Party/LwIP/src/core/tcp.o
                0x0000000008007d6c                tcp_fasttmr
 .text.tcp_tmr  0x0000000008007dec       0x24 ./Middlewares/Third_Party/LwIP/src/core/tcp.o
                0x0000000008007dec                tcp_tmr
 .text.tcp_abandon
                0x0000000008007e10       0xec ./Middlewares/Third_Party/LwIP/src/core/tcp.o
                0x0000000008007e10                tcp_abandon
 .text.tcp_abort
                0x0000000008007efc        0x6 ./Middlewares/Third_Party/LwIP/src/core/tcp.o
                0x0000000008007efc                tcp_abort
 .text.tcp_netif_ip_addr_changed_pcblist
                0x0000000008007f02       0x1c ./Middlewares/Third_Party/LwIP/src/core/tcp.o
 *fill*         0x0000000008007f1e        0x2 
 .text.tcp_kill_state
                0x0000000008007f20       0x3c ./Middlewares/Third_Party/LwIP/src/core/tcp.o
 .text.tcp_alloc
                0x0000000008007f5c      0x10c ./Middlewares/Third_Party/LwIP/src/core/tcp.o
                0x0000000008007f5c                tcp_alloc
 .text.tcp_next_iss
                0x0000000008008068       0x18 ./Middlewares/Third_Party/LwIP/src/core/tcp.o
                0x0000000008008068                tcp_next_iss
 .text.tcp_eff_send_mss_impl
                0x0000000008008080       0x1e ./Middlewares/Third_Party/LwIP/src/core/tcp.o
                0x0000000008008080                tcp_eff_send_mss_impl
 *fill*         0x000000000800809e        0x2 
 .text.tcp_netif_ip_addr_changed
                0x00000000080080a0       0x4c ./Middlewares/Third_Party/LwIP/src/core/tcp.o
                0x00000000080080a0                tcp_netif_ip_addr_changed
 .text.tcp_oos_insert_segment
                0x00000000080080ec       0x78 ./Middlewares/Third_Party/LwIP/src/core/tcp_in.o
 .text.tcp_receive
                0x0000000008008164      0x990 ./Middlewares/Third_Party/LwIP/src/core/tcp_in.o
 .text.tcp_getoptbyte
                0x0000000008008af4       0x40 ./Middlewares/Third_Party/LwIP/src/core/tcp_in.o
 .text.tcp_parseopt
                0x0000000008008b34       0x74 ./Middlewares/Third_Party/LwIP/src/core/tcp_in.o
 .text.tcp_input_delayed_close
                0x0000000008008ba8       0x40 ./Middlewares/Third_Party/LwIP/src/core/tcp_in.o
 .text.tcp_input
                0x0000000008008be8      0xa60 ./Middlewares/Third_Party/LwIP/src/core/tcp_in.o
                0x0000000008008be8                tcp_input
 .text.tcp_trigger_input_pcb_close
                0x0000000008009648       0x10 ./Middlewares/Third_Party/LwIP/src/core/tcp_in.o
                0x0000000008009648                tcp_trigger_input_pcb_close
 .text.tcp_create_segment
                0x0000000008009658       0xd0 ./Middlewares/Third_Party/LwIP/src/core/tcp_out.o
 .text.tcp_output_alloc_header.constprop.0
                0x0000000008009728       0x78 ./Middlewares/Third_Party/LwIP/src/core/tcp_out.o
 .text.tcp_enqueue_flags
                0x00000000080097a0      0x120 ./Middlewares/Third_Party/LwIP/src/core/tcp_out.o
                0x00000000080097a0                tcp_enqueue_flags
 .text.tcp_send_fin
                0x00000000080098c0       0x44 ./Middlewares/Third_Party/LwIP/src/core/tcp_out.o
                0x00000000080098c0                tcp_send_fin
 .text.tcp_send_empty_ack
                0x0000000008009904       0x6a ./Middlewares/Third_Party/LwIP/src/core/tcp_out.o
                0x0000000008009904                tcp_send_empty_ack
 *fill*         0x000000000800996e        0x2 
 .text.tcp_output
                0x0000000008009970      0x308 ./Middlewares/Third_Party/LwIP/src/core/tcp_out.o
                0x0000000008009970                tcp_output
 .text.tcp_rst  0x0000000008009c78       0xb4 ./Middlewares/Third_Party/LwIP/src/core/tcp_out.o
                0x0000000008009c78                tcp_rst
 .text.tcp_rexmit_rto
                0x0000000008009d2c       0x34 ./Middlewares/Third_Party/LwIP/src/core/tcp_out.o
                0x0000000008009d2c                tcp_rexmit_rto
 .text.tcp_rexmit
                0x0000000008009d60       0x52 ./Middlewares/Third_Party/LwIP/src/core/tcp_out.o
                0x0000000008009d60                tcp_rexmit
 .text.tcp_rexmit_fast
                0x0000000008009db2       0x48 ./Middlewares/Third_Party/LwIP/src/core/tcp_out.o
                0x0000000008009db2                tcp_rexmit_fast
 .text.tcp_keepalive
                0x0000000008009dfa       0x54 ./Middlewares/Third_Party/LwIP/src/core/tcp_out.o
                0x0000000008009dfa                tcp_keepalive
 .text.tcp_zero_window_probe
                0x0000000008009e4e       0xbe ./Middlewares/Third_Party/LwIP/src/core/tcp_out.o
                0x0000000008009e4e                tcp_zero_window_probe
 .text.sys_timeout
                0x0000000008009f0c       0xa0 ./Middlewares/Third_Party/LwIP/src/core/timeouts.o
                0x0000000008009f0c                sys_timeout
 .text.tcp_timer_needed
                0x0000000008009fac       0x34 ./Middlewares/Third_Party/LwIP/src/core/timeouts.o
                0x0000000008009fac                tcp_timer_needed
 .text.tcpip_tcp_timer
                0x0000000008009fe0       0x38 ./Middlewares/Third_Party/LwIP/src/core/timeouts.o
 .text.sys_timeouts_init
                0x000000000800a018       0x38 ./Middlewares/Third_Party/LwIP/src/core/timeouts.o
                0x000000000800a018                sys_timeouts_init
 .text.cyclic_timer
                0x000000000800a050       0x1c ./Middlewares/Third_Party/LwIP/src/core/timeouts.o
 .text.sys_check_timeouts
                0x000000000800a06c       0x5c ./Middlewares/Third_Party/LwIP/src/core/timeouts.o
                0x000000000800a06c                sys_check_timeouts
 .text.udp_init
                0x000000000800a0c8        0x2 ./Middlewares/Third_Party/LwIP/src/core/udp.o
                0x000000000800a0c8                udp_init
 *fill*         0x000000000800a0ca        0x2 
 .text.udp_input
                0x000000000800a0cc      0x12c ./Middlewares/Third_Party/LwIP/src/core/udp.o
                0x000000000800a0cc                udp_input
 .text.udp_bind
                0x000000000800a1f8       0xb0 ./Middlewares/Third_Party/LwIP/src/core/udp.o
                0x000000000800a1f8                udp_bind
 .text.udp_sendto_if_src
                0x000000000800a2a8       0xcc ./Middlewares/Third_Party/LwIP/src/core/udp.o
                0x000000000800a2a8                udp_sendto_if_src
 .text.udp_sendto_if
                0x000000000800a374       0x38 ./Middlewares/Third_Party/LwIP/src/core/udp.o
                0x000000000800a374                udp_sendto_if
 .text.udp_sendto
                0x000000000800a3ac       0x34 ./Middlewares/Third_Party/LwIP/src/core/udp.o
                0x000000000800a3ac                udp_sendto
 .text.udp_send
                0x000000000800a3e0       0x12 ./Middlewares/Third_Party/LwIP/src/core/udp.o
                0x000000000800a3e0                udp_send
 *fill*         0x000000000800a3f2        0x2 
 .text.udp_connect
                0x000000000800a3f4       0x50 ./Middlewares/Third_Party/LwIP/src/core/udp.o
                0x000000000800a3f4                udp_connect
 .text.udp_disconnect
                0x000000000800a444       0x10 ./Middlewares/Third_Party/LwIP/src/core/udp.o
                0x000000000800a444                udp_disconnect
 .text.udp_recv
                0x000000000800a454        0x6 ./Middlewares/Third_Party/LwIP/src/core/udp.o
                0x000000000800a454                udp_recv
 *fill*         0x000000000800a45a        0x2 
 .text.udp_remove
                0x000000000800a45c       0x30 ./Middlewares/Third_Party/LwIP/src/core/udp.o
                0x000000000800a45c                udp_remove
 .text.udp_new  0x000000000800a48c       0x1c ./Middlewares/Third_Party/LwIP/src/core/udp.o
                0x000000000800a48c                udp_new
 .text.udp_netif_ip_addr_changed
                0x000000000800a4a8       0x2c ./Middlewares/Third_Party/LwIP/src/core/udp.o
                0x000000000800a4a8                udp_netif_ip_addr_changed
 .text.etharp_free_entry
                0x000000000800a4d4       0x28 ./Middlewares/Third_Party/LwIP/src/core/ipv4/etharp.o
 .text.etharp_raw
                0x000000000800a4fc       0xdc ./Middlewares/Third_Party/LwIP/src/core/ipv4/etharp.o
 .text.etharp_find_entry.constprop.0
                0x000000000800a5d8      0x114 ./Middlewares/Third_Party/LwIP/src/core/ipv4/etharp.o
 .text.etharp_cleanup_netif
                0x000000000800a6ec       0x28 ./Middlewares/Third_Party/LwIP/src/core/ipv4/etharp.o
                0x000000000800a6ec                etharp_cleanup_netif
 .text.etharp_input
                0x000000000800a714      0x140 ./Middlewares/Third_Party/LwIP/src/core/ipv4/etharp.o
                0x000000000800a714                etharp_input
 .text.etharp_request
                0x000000000800a854       0x2c ./Middlewares/Third_Party/LwIP/src/core/ipv4/etharp.o
                0x000000000800a854                etharp_request
 .text.etharp_tmr
                0x000000000800a880       0x54 ./Middlewares/Third_Party/LwIP/src/core/ipv4/etharp.o
                0x000000000800a880                etharp_tmr
 .text.etharp_output_to_arp_index
                0x000000000800a8d4       0xb0 ./Middlewares/Third_Party/LwIP/src/core/ipv4/etharp.o
 .text.etharp_query
                0x000000000800a984      0x124 ./Middlewares/Third_Party/LwIP/src/core/ipv4/etharp.o
                0x000000000800a984                etharp_query
 .text.etharp_output
                0x000000000800aaa8      0x130 ./Middlewares/Third_Party/LwIP/src/core/ipv4/etharp.o
                0x000000000800aaa8                etharp_output
 .text.icmp_send_response
                0x000000000800abd8       0x90 ./Middlewares/Third_Party/LwIP/src/core/ipv4/icmp.o
 .text.icmp_input
                0x000000000800ac68      0x12c ./Middlewares/Third_Party/LwIP/src/core/ipv4/icmp.o
                0x000000000800ac68                icmp_input
 .text.icmp_dest_unreach
                0x000000000800ad94        0x8 ./Middlewares/Third_Party/LwIP/src/core/ipv4/icmp.o
                0x000000000800ad94                icmp_dest_unreach
 .text.icmp_time_exceeded
                0x000000000800ad9c        0x8 ./Middlewares/Third_Party/LwIP/src/core/ipv4/icmp.o
                0x000000000800ad9c                icmp_time_exceeded
 .text.ip4_route
                0x000000000800ada4       0x58 ./Middlewares/Third_Party/LwIP/src/core/ipv4/ip4.o
                0x000000000800ada4                ip4_route
 .text.ip4_input
                0x000000000800adfc      0x194 ./Middlewares/Third_Party/LwIP/src/core/ipv4/ip4.o
                0x000000000800adfc                ip4_input
 .text.ip4_output_if_src
                0x000000000800af90       0xf4 ./Middlewares/Third_Party/LwIP/src/core/ipv4/ip4.o
                0x000000000800af90                ip4_output_if_src
 .text.ip4_output_if
                0x000000000800b084       0x22 ./Middlewares/Third_Party/LwIP/src/core/ipv4/ip4.o
                0x000000000800b084                ip4_output_if
 .text.ip4_addr_isbroadcast_u32
                0x000000000800b0a6       0x36 ./Middlewares/Third_Party/LwIP/src/core/ipv4/ip4_addr.o
                0x000000000800b0a6                ip4_addr_isbroadcast_u32
 .text.ip_reass_dequeue_datagram
                0x000000000800b0dc       0x44 ./Middlewares/Third_Party/LwIP/src/core/ipv4/ip4_frag.o
 .text.ip_reass_free_complete_datagram
                0x000000000800b120       0xe8 ./Middlewares/Third_Party/LwIP/src/core/ipv4/ip4_frag.o
 .text.ip_reass_remove_oldest_datagram
                0x000000000800b208       0x78 ./Middlewares/Third_Party/LwIP/src/core/ipv4/ip4_frag.o
 .text.ip_frag_free_pbuf_custom_ref
                0x000000000800b280       0x2c ./Middlewares/Third_Party/LwIP/src/core/ipv4/ip4_frag.o
 .text.ipfrag_free_pbuf_custom
                0x000000000800b2ac       0x34 ./Middlewares/Third_Party/LwIP/src/core/ipv4/ip4_frag.o
 .text.ip_reass_tmr
                0x000000000800b2e0       0x2c ./Middlewares/Third_Party/LwIP/src/core/ipv4/ip4_frag.o
                0x000000000800b2e0                ip_reass_tmr
 .text.ip4_reass
                0x000000000800b30c      0x34c ./Middlewares/Third_Party/LwIP/src/core/ipv4/ip4_frag.o
                0x000000000800b30c                ip4_reass
 .text.ip4_frag
                0x000000000800b658      0x1bc ./Middlewares/Third_Party/LwIP/src/core/ipv4/ip4_frag.o
                0x000000000800b658                ip4_frag
 .text.ethernet_input