c:\st\stm32cubeide_1.8.0\stm32cubeide\plugins\com.st.stm32cube.ide.mcu.externaltools.gnu-tools-for-stm32.10.3-2021.10.win32_1.0.0.202111181127\tools\arm-none-eabi\include\c++\10.3.1\bits\basic_string.h:456:7:std::__cxx11::basic_string<_CharT, _Traits, _Alloc>::basic_string(const std::__cxx11::basic_string<_CharT, _Traits, _Alloc>&) [with _CharT = char; _Traits = std::char_traits<char>; _Alloc = std::allocator<char>]	24	static
../Core/Src/drivers/pin/pin.cpp:123:6:void Pin::initPin()	8	static
../Core/Src/drivers/pin/pin.cpp:63:6:void Pin::configPin()	56	static
../Core/Src/drivers/pin/pin.cpp:7:1:Pin::Pin(std::string, int)	16	static
../Core/Src/drivers/pin/pin.cpp:26:1:Pin::Pin(std::string, int, int)	16	static
../Core/Src/drivers/pin/pin.cpp:136:6:void Pin::setAsOutput()	0	static
../Core/Src/drivers/pin/pin.cpp:144:6:void Pin::setAsInput()	0	static
../Core/Src/drivers/pin/pin.cpp:152:6:void Pin::pull_none()	0	static
../Core/Src/drivers/pin/pin.cpp:159:6:void Pin::pull_up()	0	static
../Core/Src/drivers/pin/pin.cpp:166:6:void Pin::pull_down()	0	static
