ethernetif.c:82:6:HAL_ETH_MspInit	64	static
ethernetif.c:134:6:HAL_ETH_MspDeInit	16	static
ethernetif.c:181:13:low_level_init	32	static
ethernetif.c:290:14:low_level_output	48	static
ethernetif.c:374:22:low_level_input	56	static
ethernetif.c:463:6:ethernetif_input	24	static
ethernetif.c:518:7:ethernetif_init	16	static
ethernetif.c:565:7:sys_jiffies	8	static
ethernetif.c:576:7:sys_now	8	static
ethernetif.c:592:6:ethernetif_set_link	24	static
ethernetif.c:630:6:ethernetif_update_config	24	static
ethernetif.c:718:13:ethernetif_notify_conn_changed	16	static
