../Drivers/STM32F2xx_HAL_Driver/Src/stm32f2xx_hal_eth.c:2268:13:ETH_Delay.constprop	8	static,ignoring_inline_asm
../Drivers/STM32F2xx_HAL_Driver/Src/stm32f2xx_hal_eth.c:2249:13:ETH_FlushTransmitFIFO	16	static
../Drivers/STM32F2xx_HAL_Driver/Src/stm32f2xx_hal_eth.c:1831:13:ETH_MACDMAConfig	16	static
../Drivers/STM32F2xx_HAL_Driver/Src/stm32f2xx_hal_eth.c:527:19:HAL_ETH_DMATxDescListInit	20	static
../Drivers/STM32F2xx_HAL_Driver/Src/stm32f2xx_hal_eth.c:594:19:HAL_ETH_DMARxDescListInit	24	static
../Drivers/STM32F2xx_HAL_Driver/Src/stm32f2xx_hal_eth.c:661:13:HAL_ETH_MspInit	0	static
../Drivers/STM32F2xx_HAL_Driver/Src/stm32f2xx_hal_eth.c:676:13:HAL_ETH_MspDeInit	0	static
../Drivers/STM32F2xx_HAL_Driver/Src/stm32f2xx_hal_eth.c:491:19:HAL_ETH_DeInit	8	static
../Drivers/STM32F2xx_HAL_Driver/Src/stm32f2xx_hal_eth.c:886:19:HAL_ETH_TransmitFrame	20	static
../Drivers/STM32F2xx_HAL_Driver/Src/stm32f2xx_hal_eth.c:999:19:HAL_ETH_GetReceivedFrame	12	static
../Drivers/STM32F2xx_HAL_Driver/Src/stm32f2xx_hal_eth.c:1079:19:HAL_ETH_GetReceivedFrame_IT	16	static
../Drivers/STM32F2xx_HAL_Driver/Src/stm32f2xx_hal_eth.c:1238:13:HAL_ETH_TxCpltCallback	0	static
../Drivers/STM32F2xx_HAL_Driver/Src/stm32f2xx_hal_eth.c:1253:13:HAL_ETH_RxCpltCallback	0	static
../Drivers/STM32F2xx_HAL_Driver/Src/stm32f2xx_hal_eth.c:1268:13:HAL_ETH_ErrorCallback	0	static
../Drivers/STM32F2xx_HAL_Driver/Src/stm32f2xx_hal_eth.c:1164:6:HAL_ETH_IRQHandler	16	static
../Drivers/STM32F2xx_HAL_Driver/Src/stm32f2xx_hal_eth.c:1289:19:HAL_ETH_ReadPHYRegister	24	static
../Drivers/STM32F2xx_HAL_Driver/Src/stm32f2xx_hal_eth.c:1361:19:HAL_ETH_WritePHYRegister	16	static
../Drivers/STM32F2xx_HAL_Driver/Src/stm32f2xx_hal_eth.c:210:19:HAL_ETH_Init	32	static
../Drivers/STM32F2xx_HAL_Driver/Src/stm32f2xx_hal_eth.c:1453:19:HAL_ETH_Start	24	static
../Drivers/STM32F2xx_HAL_Driver/Src/stm32f2xx_hal_eth.c:1492:19:HAL_ETH_Stop	24	static
../Drivers/STM32F2xx_HAL_Driver/Src/stm32f2xx_hal_eth.c:1532:19:HAL_ETH_ConfigMAC	24	static
../Drivers/STM32F2xx_HAL_Driver/Src/stm32f2xx_hal_eth.c:1699:19:HAL_ETH_ConfigDMA	24	static
../Drivers/STM32F2xx_HAL_Driver/Src/stm32f2xx_hal_eth.c:1806:22:HAL_ETH_GetState	0	static
